Archive member included because of file (symbol)

c:/program files (x86)/emblocks/2.20/share/em_armgcc/bin/../lib/gcc/arm-none-eabi/4.7.3/../../../../arm-none-eabi/lib/armv7e-m/fpu\libm.a(lib_a-s_atan.o)
                              obj\debug\src\main.o (atan)
c:/program files (x86)/emblocks/2.20/share/em_armgcc/bin/../lib/gcc/arm-none-eabi/4.7.3/../../../../arm-none-eabi/lib/armv7e-m/fpu\libm.a(lib_a-s_fabs.o)
                              c:/program files (x86)/emblocks/2.20/share/em_armgcc/bin/../lib/gcc/arm-none-eabi/4.7.3/../../../../arm-none-eabi/lib/armv7e-m/fpu\libm.a(lib_a-s_atan.o) (fabs)
c:/program files (x86)/emblocks/2.20/share/em_armgcc/bin/../lib/gcc/arm-none-eabi/4.7.3/../../../../arm-none-eabi/lib/armv7e-m/fpu\libm.a(lib_a-s_round.o)
                              obj\debug\src\main.o (round)
c:/program files (x86)/emblocks/2.20/share/em_armgcc/bin/../lib/gcc/arm-none-eabi/4.7.3/../../../../arm-none-eabi/lib/armv7e-m/fpu\libm.a(lib_a-w_atan2.o)
                              obj\debug\src\main.o (atan2)
c:/program files (x86)/emblocks/2.20/share/em_armgcc/bin/../lib/gcc/arm-none-eabi/4.7.3/../../../../arm-none-eabi/lib/armv7e-m/fpu\libm.a(lib_a-w_sqrt.o)
                              obj\debug\src\main.o (sqrt)
c:/program files (x86)/emblocks/2.20/share/em_armgcc/bin/../lib/gcc/arm-none-eabi/4.7.3/../../../../arm-none-eabi/lib/armv7e-m/fpu\libm.a(lib_a-e_atan2.o)
                              c:/program files (x86)/emblocks/2.20/share/em_armgcc/bin/../lib/gcc/arm-none-eabi/4.7.3/../../../../arm-none-eabi/lib/armv7e-m/fpu\libm.a(lib_a-w_atan2.o) (__ieee754_atan2)
c:/program files (x86)/emblocks/2.20/share/em_armgcc/bin/../lib/gcc/arm-none-eabi/4.7.3/../../../../arm-none-eabi/lib/armv7e-m/fpu\libm.a(lib_a-e_sqrt.o)
                              c:/program files (x86)/emblocks/2.20/share/em_armgcc/bin/../lib/gcc/arm-none-eabi/4.7.3/../../../../arm-none-eabi/lib/armv7e-m/fpu\libm.a(lib_a-w_sqrt.o) (__ieee754_sqrt)
c:/program files (x86)/emblocks/2.20/share/em_armgcc/bin/../lib/gcc/arm-none-eabi/4.7.3/../../../../arm-none-eabi/lib/armv7e-m/fpu\libm.a(lib_a-s_fpclassify.o)
                              c:/program files (x86)/emblocks/2.20/share/em_armgcc/bin/../lib/gcc/arm-none-eabi/4.7.3/../../../../arm-none-eabi/lib/armv7e-m/fpu\libm.a(lib_a-w_sqrt.o) (__fpclassifyd)
c:/program files (x86)/emblocks/2.20/share/em_armgcc/bin/../lib/gcc/arm-none-eabi/4.7.3/../../../../arm-none-eabi/lib/armv7e-m/fpu\libm.a(lib_a-s_lib_ver.o)
                              c:/program files (x86)/emblocks/2.20/share/em_armgcc/bin/../lib/gcc/arm-none-eabi/4.7.3/../../../../arm-none-eabi/lib/armv7e-m/fpu\libm.a(lib_a-w_sqrt.o) (__fdlib_version)
c:/program files (x86)/emblocks/2.20/share/em_armgcc/bin/../lib/gcc/arm-none-eabi/4.7.3/../../../../arm-none-eabi/lib/armv7e-m/fpu\libm.a(lib_a-s_matherr.o)
                              c:/program files (x86)/emblocks/2.20/share/em_armgcc/bin/../lib/gcc/arm-none-eabi/4.7.3/../../../../arm-none-eabi/lib/armv7e-m/fpu\libm.a(lib_a-w_sqrt.o) (matherr)
c:/program files (x86)/emblocks/2.20/share/em_armgcc/bin/../lib/gcc/arm-none-eabi/4.7.3/armv7e-m/fpu\libgcc.a(_arm_addsubdf3.o)
                              c:/program files (x86)/emblocks/2.20/share/em_armgcc/bin/../lib/gcc/arm-none-eabi/4.7.3/../../../../arm-none-eabi/lib/armv7e-m/fpu\libm.a(lib_a-s_atan.o) (__aeabi_dsub)
c:/program files (x86)/emblocks/2.20/share/em_armgcc/bin/../lib/gcc/arm-none-eabi/4.7.3/armv7e-m/fpu\libgcc.a(_arm_muldivdf3.o)
                              obj\debug\src\main.o (__aeabi_dmul)
c:/program files (x86)/emblocks/2.20/share/em_armgcc/bin/../lib/gcc/arm-none-eabi/4.7.3/armv7e-m/fpu\libgcc.a(_arm_cmpdf2.o)
                              c:/program files (x86)/emblocks/2.20/share/em_armgcc/bin/../lib/gcc/arm-none-eabi/4.7.3/../../../../arm-none-eabi/lib/armv7e-m/fpu\libm.a(lib_a-w_sqrt.o) (__aeabi_dcmplt)
c:/program files (x86)/emblocks/2.20/share/em_armgcc/bin/../lib/gcc/arm-none-eabi/4.7.3/armv7e-m/fpu\libgcc.a(_arm_fixdfsi.o)
                              obj\debug\src\main.o (__aeabi_d2iz)
c:/program files (x86)/emblocks/2.20/share/em_armgcc/bin/../lib/gcc/arm-none-eabi/4.7.3/armv7e-m/fpu\libgcc.a(_arm_truncdfsf2.o)
                              obj\debug\src\main.o (__aeabi_d2f)
c:/program files (x86)/emblocks/2.20/share/em_armgcc/bin/../lib/gcc/arm-none-eabi/4.7.3/../../../../arm-none-eabi/lib/armv7e-m/fpu\libc_n.a(lib_a-__atexit2.o)
                              c:/program files (x86)/emblocks/2.20/share/em_armgcc/bin/../lib/gcc/arm-none-eabi/4.7.3/../../../../arm-none-eabi/lib/armv7e-m/fpu/crt0.o (__register_exitproc)
c:/program files (x86)/emblocks/2.20/share/em_armgcc/bin/../lib/gcc/arm-none-eabi/4.7.3/../../../../arm-none-eabi/lib/armv7e-m/fpu\libc_n.a(lib_a-errno.o)
                              c:/program files (x86)/emblocks/2.20/share/em_armgcc/bin/../lib/gcc/arm-none-eabi/4.7.3/../../../../arm-none-eabi/lib/armv7e-m/fpu\libm.a(lib_a-w_sqrt.o) (__errno)
[...]
Memory Configuration

Name             Origin             Length             Attributes
ROM              0x08000000         0x00100000         xr
RAM              0x20000000         0x00020000         xrw
CCRAM            0x10000000         0x00010000         xrw
*default*        0x00000000         0xffffffff

Linker script and memory map

LOAD c:/program files (x86)/emblocks/2.20/share/em_armgcc/bin/../lib/gcc/arm-none-eabi/4.7.3/armv7e-m/fpu/crti.o
LOAD c:/program files (x86)/emblocks/2.20/share/em_armgcc/bin/../lib/gcc/arm-none-eabi/4.7.3/armv7e-m/fpu/crtbegin.o
LOAD c:/program files (x86)/emblocks/2.20/share/em_armgcc/bin/../lib/gcc/arm-none-eabi/4.7.3/../../../../arm-none-eabi/lib/armv7e-m/fpu/crt0.o
                0x00000000                __HEAP_SIZE = 0x0
                0x00000100                __STACK_SIZE = 0x100

.text           0x08000000     0x4068
 *(.isr_vector)
 .isr_vector    0x08000000      0x188 obj\debug\src\startup_stm32f4xx.o
                0x08000000                __isr_vector
 *(.text*)
 .text          0x08000188       0x54 c:/program files (x86)/emblocks/2.20/share/em_armgcc/bin/../lib/gcc/arm-none-eabi/4.7.3/armv7e-m/fpu/crtbegin.o
 .text          0x080001dc       0x70 c:/program files (x86)/emblocks/2.20/share/em_armgcc/bin/../lib/gcc/arm-none-eabi/4.7.3/../../../../arm-none-eabi/lib/armv7e-m/fpu/crt0.o
                0x080001dc                _start
                0x080001dc                start
                0x080001dc                _mainCRTStartup
 .text.GPIO_Init
                0x0800024c      0x144 obj\debug\spl\src\stm32f4xx_gpio.o
                0x0800024c                GPIO_Init
 .text.GPIO_SetBits
                0x08000390       0x1c obj\debug\spl\src\stm32f4xx_gpio.o
                0x08000390                GPIO_SetBits
 .text.GPIO_ResetBits
                0x080003ac       0x1c obj\debug\spl\src\stm32f4xx_gpio.o
                0x080003ac                GPIO_ResetBits
 .text.GPIO_ToggleBits
                0x080003c8       0x24 obj\debug\spl\src\stm32f4xx_gpio.o
                0x080003c8                GPIO_ToggleBits
 .text.GPIO_PinAFConfig
                0x080003ec       0xa8 obj\debug\spl\src\stm32f4xx_gpio.o
                0x080003ec                GPIO_PinAFConfig
 .text.I2C_DeInit
                0x08000494       0x88 obj\debug\spl\src\stm32f4xx_i2c.o
                0x08000494                I2C_DeInit
 .text.I2C_Init
                0x0800051c      0x1ac obj\debug\spl\src\stm32f4xx_i2c.o
                0x0800051c                I2C_Init
 .text.I2C_Cmd  0x080006c8       0x40 obj\debug\spl\src\stm32f4xx_i2c.o
                0x080006c8                I2C_Cmd
 .text.I2C_GenerateSTART
                0x08000708       0x40 obj\debug\spl\src\stm32f4xx_i2c.o
                0x08000708                I2C_GenerateSTART
 .text.I2C_GenerateSTOP
                0x08000748       0x40 obj\debug\spl\src\stm32f4xx_i2c.o
                0x08000748                I2C_GenerateSTOP
 .text.I2C_Send7bitAddress
                0x08000788       0x3c obj\debug\spl\src\stm32f4xx_i2c.o
                0x08000788                I2C_Send7bitAddress
 .text.I2C_AcknowledgeConfig
                0x080007c4       0x40 obj\debug\spl\src\stm32f4xx_i2c.o
                0x080007c4                I2C_AcknowledgeConfig
 .text.I2C_SendData
                0x08000804       0x20 obj\debug\spl\src\stm32f4xx_i2c.o
                0x08000804                I2C_SendData
 .text.I2C_ReceiveData
                0x08000824       0x1c obj\debug\spl\src\stm32f4xx_i2c.o
                0x08000824                I2C_ReceiveData
 .text.I2C_CheckEvent
                0x08000840       0x70 obj\debug\spl\src\stm32f4xx_i2c.o
                0x08000840                I2C_CheckEvent
 .text.I2C_GetFlagStatus
                0x080008b0       0x78 obj\debug\spl\src\stm32f4xx_i2c.o
                0x080008b0                I2C_GetFlagStatus
 .text.RCC_GetClocksFreq
                0x08000928      0x1cc obj\debug\spl\src\stm32f4xx_rcc.o
                0x08000928                RCC_GetClocksFreq
 .text.RCC_AHB1PeriphClockCmd
                0x08000af4       0x54 obj\debug\spl\src\stm32f4xx_rcc.o
                0x08000af4                RCC_AHB1PeriphClockCmd
 .text.RCC_APB1PeriphClockCmd
                0x08000b48       0x54 obj\debug\spl\src\stm32f4xx_rcc.o
                0x08000b48                RCC_APB1PeriphClockCmd
 .text.RCC_APB1PeriphResetCmd
                0x08000b9c       0x54 obj\debug\spl\src\stm32f4xx_rcc.o
                0x08000b9c                RCC_APB1PeriphResetCmd
 .text.USART_Init
                0x08000bf0      0x1ac obj\debug\spl\src\stm32f4xx_usart.o
                0x08000bf0                USART_Init
 .text.USART_Cmd
                0x08000d9c       0x40 obj\debug\spl\src\stm32f4xx_usart.o
                0x08000d9c                USART_Cmd
 .text.USART_SendData
                0x08000ddc       0x28 obj\debug\spl\src\stm32f4xx_usart.o
                0x08000ddc                USART_SendData
 .text.NVIC_EnableIRQ
                0x08000e04       0x38 obj\debug\src\mpu6050.o
 .text.NVIC_DisableIRQ
                0x08000e3c       0x3c obj\debug\src\mpu6050.o
 .text.MPU6050_Initialize
                0x08000e78       0x28 obj\debug\src\mpu6050.o
                0x08000e78                MPU6050_Initialize
 .text.MPU6050_TestConnection
                0x08000ea0       0x1c obj\debug\src\mpu6050.o
                0x08000ea0                MPU6050_TestConnection
 .text.MPU6050_GetDeviceID
                0x08000ebc       0x2c obj\debug\src\mpu6050.o
                0x08000ebc                MPU6050_GetDeviceID
 .text.MPU6050_SetClockSource
                0x08000ee8       0x2c obj\debug\src\mpu6050.o
                0x08000ee8                MPU6050_SetClockSource
 .text.MPU6050_SetFullScaleGyroRange
                0x08000f14       0x2c obj\debug\src\mpu6050.o
                0x08000f14                MPU6050_SetFullScaleGyroRange
 .text.MPU6050_SetFullScaleAccelRange
                0x08000f40       0x2c obj\debug\src\mpu6050.o
                0x08000f40                MPU6050_SetFullScaleAccelRange
 .text.MPU6050_SetSleepModeStatus
                0x08000f6c       0x24 obj\debug\src\mpu6050.o
                0x08000f6c                MPU6050_SetSleepModeStatus
 .text.MPU6050_WriteBits
                0x08000f90       0x94 obj\debug\src\mpu6050.o
                0x08000f90                MPU6050_WriteBits
 .text.MPU6050_WriteBit
                0x08001024       0x7c obj\debug\src\mpu6050.o
                0x08001024                MPU6050_WriteBit
 .text.MPU6050_ReadBits
                0x080010a0       0x70 obj\debug\src\mpu6050.o
                0x080010a0                MPU6050_ReadBits
 .text.MPU6050_I2C_Init
                0x08001110       0xd4 obj\debug\src\mpu6050.o
                0x08001110                MPU6050_I2C_Init
 .text.MPU6050_I2C_ByteWrite
                0x080011e4       0xe0 obj\debug\src\mpu6050.o
                0x080011e4                MPU6050_I2C_ByteWrite
 .text.MPU6050_I2C_BufferRead
                0x080012c4      0x1cc obj\debug\src\mpu6050.o
                0x080012c4                MPU6050_I2C_BufferRead
 .text.NVIC_DisableIRQ
                0x08001490       0x3c obj\debug\src\main.o
 .text.NVIC_SetPriority
                0x080014cc       0x5c obj\debug\src\main.o
 .text.SysTick_Config
                0x08001528       0x64 obj\debug\src\main.o
 .text.SysTick_Handler
                0x0800158c       0x38 obj\debug\src\main.o
                0x0800158c                SysTick_Handler
 .text._delay   0x080015c4       0x24 obj\debug\src\main.o
                0x080015c4                _delay
 .text.USART_puts
                0x080015e8       0x48 obj\debug\src\main.o
                0x080015e8                USART_puts
 .text.init_usart
                0x08001630       0xb0 obj\debug\src\main.o
                0x08001630                init_usart
 .text.initGPIO
                0x080016e0       0x48 obj\debug\src\main.o
                0x080016e0                initGPIO
 .text.aciOku   0x08001728      0x1cc obj\debug\src\main.o
                0x08001728                aciOku
 *fill*         0x080018f4        0x4 
 .text.EulerHesapla
                0x080018f8      0x238 obj\debug\src\main.o
                0x080018f8                EulerHesapla
 .text.MPU9150_setupCompass
                0x08001b30       0x88 obj\debug\src\main.o
                0x08001b30                MPU9150_setupCompass
 .text.MPU9150_writeSensor
                0x08001bb8       0x6c obj\debug\src\main.o
                0x08001bb8                MPU9150_writeSensor
 .text.Timer7Init
                0x08001c24       0x84 obj\debug\src\main.o
                0x08001c24                Timer7Init
 .text.TIM7_IRQHandler
                0x08001ca8       0x50 obj\debug\src\main.o
                0x08001ca8                TIM7_IRQHandler
 .text.I2C_Kilitlenmesi
                0x08001cf8       0x5c obj\debug\src\main.o
                0x08001cf8                I2C_Kilitlenmesi
 *fill*         0x08001d54        0x4 
 .text.main     0x08001d58      0x2c0 obj\debug\src\main.o
                0x08001d58                main
 .text          0x08002018      0x110 obj\debug\src\startup_stm32f4xx.o
                0x08002018                Reset_Handler
                0x08002066                NMI_Handler
                0x08002068                HardFault_Handler
                0x0800206a                MemManage_Handler
                0x0800206c                BusFault_Handler
                0x0800206e                UsageFault_Handler
                0x08002070                SVC_Handler
                0x08002072                DebugMon_Handler
                0x08002074                PendSV_Handler
                0x08002078                Default_Handler
                0x0800207a                WWDG_IRQHandler
                0x0800207c                PVD_IRQHandler
                0x0800207e                TAMP_STAMP_IRQHandler
                0x08002080                RTC_WKUP_IRQHandler
                0x08002082                FLASH_IRQHandler
                0x08002084                RCC_IRQHandler
                0x08002086                EXTI0_IRQHandler
                0x08002088                EXTI1_IRQHandler
                0x0800208a                EXTI2_IRQHandler
                0x0800208c                EXTI3_IRQHandler
                0x0800208e                EXTI4_IRQHandler
                0x08002090                DMA1_Stream0_IRQHandler
                0x08002092                DMA1_Stream1_IRQHandler
                0x08002094                DMA1_Stream2_IRQHandler
                0x08002096                DMA1_Stream3_IRQHandler
                0x08002098                DMA1_Stream4_IRQHandler
                0x0800209a                DMA1_Stream5_IRQHandler
                0x0800209c                DMA1_Stream6_IRQHandler
                0x0800209e                ADC_IRQHandler
                0x080020a0                CAN1_TX_IRQHandler
                0x080020a2                CAN1_RX0_IRQHandler
                0x080020a4                CAN1_RX1_IRQHandler
                0x080020a6                CAN1_SCE_IRQHandler
                0x080020a8                EXTI9_5_IRQHandler
                0x080020aa                TIM1_BRK_TIM9_IRQHandler
                0x080020ac                TIM1_UP_TIM10_IRQHandler
                0x080020ae                TIM1_TRG_COM_TIM11_IRQHandler
                0x080020b0                TIM1_CC_IRQHandler
                0x080020b2                TIM2_IRQHandler
                0x080020b4                TIM3_IRQHandler
                0x080020b6                TIM4_IRQHandler
                0x080020b8                I2C1_EV_IRQHandler
                0x080020ba                I2C1_ER_IRQHandler
                0x080020bc                I2C2_EV_IRQHandler
                0x080020be                I2C2_ER_IRQHandler
                0x080020c0                SPI1_IRQHandler
                0x080020c2                SPI2_IRQHandler
                0x080020c4                USART1_IRQHandler
                0x080020c6                USART2_IRQHandler
                0x080020c8                USART3_IRQHandler
                0x080020ca                EXTI15_10_IRQHandler
                0x080020cc                RTC_Alarm_IRQHandler
                0x080020ce                OTG_FS_WKUP_IRQHandler
                0x080020d0                TIM8_BRK_TIM12_IRQHandler
                0x080020d2                TIM8_UP_TIM13_IRQHandler
                0x080020d4                TIM8_TRG_COM_TIM14_IRQHandler
                0x080020d6                TIM8_CC_IRQHandler
                0x080020d8                DMA1_Stream7_IRQHandler
                0x080020da                FSMC_IRQHandler
                0x080020dc                SDIO_IRQHandler
                0x080020de                TIM5_IRQHandler
                0x080020e0                SPI3_IRQHandler
                0x080020e2                UART4_IRQHandler
                0x080020e4                UART5_IRQHandler
                0x080020e6                TIM6_DAC_IRQHandler
                0x080020ea                DMA2_Stream0_IRQHandler
                0x080020ec                DMA2_Stream1_IRQHandler
                0x080020ee                DMA2_Stream2_IRQHandler
                0x080020f0                DMA2_Stream3_IRQHandler
                0x080020f2                DMA2_Stream4_IRQHandler
                0x080020f4                ETH_IRQHandler
                0x080020f6                ETH_WKUP_IRQHandler
                0x080020f8                CAN2_TX_IRQHandler
                0x080020fa                CAN2_RX0_IRQHandler
                0x080020fc                CAN2_RX1_IRQHandler
                0x080020fe                CAN2_SCE_IRQHandler
                0x08002100                OTG_FS_IRQHandler
                0x08002102                DMA2_Stream5_IRQHandler
                0x08002104                DMA2_Stream6_IRQHandler
                0x08002106                DMA2_Stream7_IRQHandler
                0x08002108                USART6_IRQHandler
                0x0800210a                I2C3_EV_IRQHandler
                0x0800210c                I2C3_ER_IRQHandler
                0x0800210e                OTG_HS_EP1_OUT_IRQHandler
                0x08002110                OTG_HS_EP1_IN_IRQHandler
                0x08002112                OTG_HS_WKUP_IRQHandler
                0x08002114                OTG_HS_IRQHandler
                0x08002116                DCMI_IRQHandler
                0x08002118                CRYP_IRQHandler
                0x0800211a                HASH_RNG_IRQHandler
                0x0800211c                FPU_IRQHandler
 .text.SystemInit
                0x08002128       0xb0 obj\debug\src\system_stm32f4xx.o
                0x08002128                SystemInit
 .text.SetSysClock
                0x080021d8      0x188 obj\debug\src\system_stm32f4xx.o
 .text.atan     0x08002360      0x3a0 c:/program files (x86)/emblocks/2.20/share/em_armgcc/bin/../lib/gcc/arm-none-eabi/4.7.3/../../../../arm-none-eabi/lib/armv7e-m/fpu\libm.a(lib_a-s_atan.o)
                0x08002360                atan
 .text.fabs     0x08002700       0x14 c:/program files (x86)/emblocks/2.20/share/em_armgcc/bin/../lib/gcc/arm-none-eabi/4.7.3/../../../../arm-none-eabi/lib/armv7e-m/fpu\libm.a(lib_a-s_fabs.o)
                0x08002700                fabs
 .text.round    0x08002714       0xa4 c:/program files (x86)/emblocks/2.20/share/em_armgcc/bin/../lib/gcc/arm-none-eabi/4.7.3/../../../../arm-none-eabi/lib/armv7e-m/fpu\libm.a(lib_a-s_round.o)
                0x08002714                round
 .text.atan2    0x080027b8        0x4 c:/program files (x86)/emblocks/2.20/share/em_armgcc/bin/../lib/gcc/arm-none-eabi/4.7.3/../../../../arm-none-eabi/lib/armv7e-m/fpu\libm.a(lib_a-w_atan2.o)
                0x080027b8                atan2
 .text.sqrt     0x080027bc       0xb8 c:/program files (x86)/emblocks/2.20/share/em_armgcc/bin/../lib/gcc/arm-none-eabi/4.7.3/../../../../arm-none-eabi/lib/armv7e-m/fpu\libm.a(lib_a-w_sqrt.o)
                0x080027bc                sqrt
 *fill*         0x08002874        0x4 
 .text.__ieee754_atan2
                0x08002878      0x210 c:/program files (x86)/emblocks/2.20/share/em_armgcc/bin/../lib/gcc/arm-none-eabi/4.7.3/../../../../arm-none-eabi/lib/armv7e-m/fpu\libm.a(lib_a-e_atan2.o)
                0x08002878                __ieee754_atan2
 .text.__ieee754_sqrt
                0x08002a88      0x19c c:/program files (x86)/emblocks/2.20/share/em_armgcc/bin/../lib/gcc/arm-none-eabi/4.7.3/../../../../arm-none-eabi/lib/armv7e-m/fpu\libm.a(lib_a-e_sqrt.o)
                0x08002a88                __ieee754_sqrt
 .text.__fpclassifyd
                0x08002c24       0x54 c:/program files (x86)/emblocks/2.20/share/em_armgcc/bin/../lib/gcc/arm-none-eabi/4.7.3/../../../../arm-none-eabi/lib/armv7e-m/fpu\libm.a(lib_a-s_fpclassify.o)
                0x08002c24                __fpclassifyd
 .text.matherr  0x08002c78        0x4 c:/program files (x86)/emblocks/2.20/share/em_armgcc/bin/../lib/gcc/arm-none-eabi/4.7.3/../../../../arm-none-eabi/lib/armv7e-m/fpu\libm.a(lib_a-s_matherr.o)
                0x08002c78                matherr
 .text          0x08002c7c      0x370 c:/program files (x86)/emblocks/2.20/share/em_armgcc/bin/../lib/gcc/arm-none-eabi/4.7.3/armv7e-m/fpu\libgcc.a(_arm_addsubdf3.o)
                0x08002c7c                __aeabi_drsub
                0x08002c84                __aeabi_dsub
                0x08002c84                __subdf3
                0x08002c88                __aeabi_dadd
                0x08002c88                __adddf3
                0x08002f00                __floatunsidf
                0x08002f00                __aeabi_ui2d
                0x08002f20                __floatsidf
                0x08002f20                __aeabi_i2d
                0x08002f44                __aeabi_f2d
                0x08002f44                __extendsfdf2
                0x08002f80                __floatundidf
                0x08002f80                __aeabi_ul2d
                0x08002f90                __floatdidf
                0x08002f90                __aeabi_l2d
 .text          0x08002fec      0x424 c:/program files (x86)/emblocks/2.20/share/em_armgcc/bin/../lib/gcc/arm-none-eabi/4.7.3/armv7e-m/fpu\libgcc.a(_arm_muldivdf3.o)
                0x08002fec                __aeabi_dmul
                0x08002fec                __muldf3
                0x08003240                __divdf3
                0x08003240                __aeabi_ddiv
 .text          0x08003410      0x110 c:/program files (x86)/emblocks/2.20/share/em_armgcc/bin/../lib/gcc/arm-none-eabi/4.7.3/armv7e-m/fpu\libgcc.a(_arm_cmpdf2.o)
                0x08003410                __gtdf2
                0x08003410                __gedf2
                0x08003418                __ltdf2
                0x08003418                __ledf2
                0x08003420                __nedf2
                0x08003420                __eqdf2
                0x08003420                __cmpdf2
                0x0800349c                __aeabi_cdrcmple
                0x080034ac                __aeabi_cdcmpeq
                0x080034ac                __aeabi_cdcmple
                0x080034bc                __aeabi_dcmpeq
                0x080034d0                __aeabi_dcmplt
                0x080034e4                __aeabi_dcmple
                0x080034f8                __aeabi_dcmpge
                0x0800350c                __aeabi_dcmpgt
 .text          0x08003520       0x50 c:/program files (x86)/emblocks/2.20/share/em_armgcc/bin/../lib/gcc/arm-none-eabi/4.7.3/armv7e-m/fpu\libgcc.a(_arm_fixdfsi.o)
                0x08003520                __aeabi_d2iz
                0x08003520                __fixdfsi
 .text          0x08003570       0xa0 c:/program files (x86)/emblocks/2.20/share/em_armgcc/bin/../lib/gcc/arm-none-eabi/4.7.3/armv7e-m/fpu\libgcc.a(_arm_truncdfsf2.o)
                0x08003570                __truncdfsf2
                0x08003570                __aeabi_d2f
 .text.__register_exitproc
                0x08003610       0x14 c:/program files (x86)/emblocks/2.20/share/em_armgcc/bin/../lib/gcc/arm-none-eabi/4.7.3/../../../../arm-none-eabi/lib/armv7e-m/fpu\libc_n.a(lib_a-__atexit2.o)
                0x08003610                __register_exitproc
 .text.__errno  0x08003624        0xc c:/program files (x86)/emblocks/2.20/share/em_armgcc/bin/../lib/gcc/arm-none-eabi/4.7.3/../../../../arm-none-eabi/lib/armv7e-m/fpu\libc_n.a(lib_a-errno.o)
                0x08003624                __errno
 .text.exit     0x08003630       0x2c c:/program files (x86)/emblocks/2.20/share/em_armgcc/bin/../lib/gcc/arm-none-eabi/4.7.3/../../../../arm-none-eabi/lib/armv7e-m/fpu\libc_n.a(lib_a-exit.o)
                0x08003630                exit
 .text.__libc_fini_array
                0x0800365c       0x30 c:/program files (x86)/emblocks/2.20/share/em_armgcc/bin/../lib/gcc/arm-none-eabi/4.7.3/../../../../arm-none-eabi/lib/armv7e-m/fpu\libc_n.a(lib_a-fini.o)
                0x0800365c                __libc_fini_array
 .text.__libc_init_array
                0x0800368c       0x4c c:/program files (x86)/emblocks/2.20/share/em_armgcc/bin/../lib/gcc/arm-none-eabi/4.7.3/../../../../arm-none-eabi/lib/armv7e-m/fpu\libc_n.a(lib_a-init.o)
                0x0800368c                __libc_init_array
 .text.memset   0x080036d8       0x10 c:/program files (x86)/emblocks/2.20/share/em_armgcc/bin/../lib/gcc/arm-none-eabi/4.7.3/../../../../arm-none-eabi/lib/armv7e-m/fpu\libc_n.a(lib_a-memset.o)
                0x080036d8                memset
 .text.sprintf  0x080036e8       0x48 c:/program files (x86)/emblocks/2.20/share/em_armgcc/bin/../lib/gcc/arm-none-eabi/4.7.3/../../../../arm-none-eabi/lib/armv7e-m/fpu\libc_n.a(lib_a-sprintf.o)
                0x080036e8                siprintf
                0x080036e8                sprintf
 .text.__ssputc_r
                0x08003730       0xb4 c:/program files (x86)/emblocks/2.20/share/em_armgcc/bin/../lib/gcc/arm-none-eabi/4.7.3/../../../../arm-none-eabi/lib/armv7e-m/fpu\libc_n.a(lib_a-svfprintf.o)
                0x08003730                __ssputc_r
 .text._svfprintf_r
                0x080037e4      0x1fc c:/program files (x86)/emblocks/2.20/share/em_armgcc/bin/../lib/gcc/arm-none-eabi/4.7.3/../../../../arm-none-eabi/lib/armv7e-m/fpu\libc_n.a(lib_a-svfprintf.o)
                0x080037e4                _svfiprintf_r
                0x080037e4                _svfprintf_r
 .text._printf_common
                0x080039e0       0xde c:/program files (x86)/emblocks/2.20/share/em_armgcc/bin/../lib/gcc/arm-none-eabi/4.7.3/../../../../arm-none-eabi/lib/armv7e-m/fpu\libc_n.a(lib_a-vfprintf_i.o)
                0x080039e0                _printf_common
 *fill*         0x08003abe        0x2 
 .text._printf_i
                0x08003ac0      0x24c c:/program files (x86)/emblocks/2.20/share/em_armgcc/bin/../lib/gcc/arm-none-eabi/4.7.3/../../../../arm-none-eabi/lib/armv7e-m/fpu\libc_n.a(lib_a-vfprintf_i.o)
                0x08003ac0                _printf_i
 .text._free_r  0x08003d0c       0x84 c:/program files (x86)/emblocks/2.20/share/em_armgcc/bin/../lib/gcc/arm-none-eabi/4.7.3/../../../../arm-none-eabi/lib/armv7e-m/fpu\libc_n.a(lib_a-freer.o)
                0x08003d0c                _free_r
 .text._malloc_r
                0x08003d90       0x9c c:/program files (x86)/emblocks/2.20/share/em_armgcc/bin/../lib/gcc/arm-none-eabi/4.7.3/../../../../arm-none-eabi/lib/armv7e-m/fpu\libc_n.a(lib_a-mallocr.o)
                0x08003d90                _malloc_r
 .text.memchr   0x08003e2c       0x1c c:/program files (x86)/emblocks/2.20/share/em_armgcc/bin/../lib/gcc/arm-none-eabi/4.7.3/../../../../arm-none-eabi/lib/armv7e-m/fpu\libc_n.a(lib_a-memchr.o)
                0x08003e2c                memchr
 .text.memcpy   0x08003e48       0x12 c:/program files (x86)/emblocks/2.20/share/em_armgcc/bin/../lib/gcc/arm-none-eabi/4.7.3/../../../../arm-none-eabi/lib/armv7e-m/fpu\libc_n.a(lib_a-memcpy.o)
                0x08003e48                memcpy
 .text._realloc_r
                0x08003e5a       0x48 c:/program files (x86)/emblocks/2.20/share/em_armgcc/bin/../lib/gcc/arm-none-eabi/4.7.3/../../../../arm-none-eabi/lib/armv7e-m/fpu\libc_n.a(lib_a-reallocr.o)
                0x08003e5a                _realloc_r
 *fill*         0x08003ea2        0x2 
 .text._sbrk_r  0x08003ea4       0x20 c:/program files (x86)/emblocks/2.20/share/em_armgcc/bin/../lib/gcc/arm-none-eabi/4.7.3/../../../../arm-none-eabi/lib/armv7e-m/fpu\libc_n.a(lib_a-sbrkr.o)
                0x08003ea4                _sbrk_r
 .text.strlen   0x08003ec4       0x10 c:/program files (x86)/emblocks/2.20/share/em_armgcc/bin/../lib/gcc/arm-none-eabi/4.7.3/../../../../arm-none-eabi/lib/armv7e-m/fpu\libc_n.a(lib_a-strlen.o)
                0x08003ec4                strlen
 .text._malloc_usable_size_r
                0x08003ed4       0x12 c:/program files (x86)/emblocks/2.20/share/em_armgcc/bin/../lib/gcc/arm-none-eabi/4.7.3/../../../../arm-none-eabi/lib/armv7e-m/fpu\libc_n.a(lib_a-msizer.o)
                0x08003ed4                _malloc_usable_size_r
 *fill*         0x08003ee6        0x2 
 .text._sbrk    0x08003ee8       0x20 c:/program files (x86)/emblocks/2.20/share/em_armgcc/bin/../lib/gcc/arm-none-eabi/4.7.3/../../../../arm-none-eabi/lib/armv7e-m/fpu\libnosys.a(sbrk.o)
                0x08003ee8                _sbrk
 .text._exit    0x08003f08        0x4 c:/program files (x86)/emblocks/2.20/share/em_armgcc/bin/../lib/gcc/arm-none-eabi/4.7.3/../../../../arm-none-eabi/lib/armv7e-m/fpu\libnosys.a(_exit.o)
                0x08003f08                _exit
 *(.init)
 .init          0x08003f0c        0x4 c:/program files (x86)/emblocks/2.20/share/em_armgcc/bin/../lib/gcc/arm-none-eabi/4.7.3/armv7e-m/fpu/crti.o
                0x08003f0c                _init
 .init          0x08003f10        0x8 c:/program files (x86)/emblocks/2.20/share/em_armgcc/bin/../lib/gcc/arm-none-eabi/4.7.3/armv7e-m/fpu/crtn.o
 *(.fini)
 .fini          0x08003f18        0x4 c:/program files (x86)/emblocks/2.20/share/em_armgcc/bin/../lib/gcc/arm-none-eabi/4.7.3/armv7e-m/fpu/crti.o
                0x08003f18                _fini
 .fini          0x08003f1c        0x8 c:/program files (x86)/emblocks/2.20/share/em_armgcc/bin/../lib/gcc/arm-none-eabi/4.7.3/armv7e-m/fpu/crtn.o
 *crtbegin.o(.ctors)
 *crtbegin?.o(.ctors)
 *(EXCLUDE_FILE(*crtend.o *crtend?.o) .ctors)
 *(SORT(.ctors.*))
 *(.ctors)
 *crtbegin.o(.dtors)
 *crtbegin?.o(.dtors)
 *(EXCLUDE_FILE(*crtend.o *crtend?.o) .dtors)
 *(SORT(.dtors.*))
 *(.dtors)
 *(.rodata*)
 .rodata        0x08003f24       0xb8 obj\debug\src\main.o
 *fill*         0x08003fdc        0x4 
 .rodata.atanlo
                0x08003fe0       0x20 c:/program files (x86)/emblocks/2.20/share/em_armgcc/bin/../lib/gcc/arm-none-eabi/4.7.3/../../../../arm-none-eabi/lib/armv7e-m/fpu\libm.a(lib_a-s_atan.o)
 .rodata.atanhi
                0x08004000       0x20 c:/program files (x86)/emblocks/2.20/share/em_armgcc/bin/../lib/gcc/arm-none-eabi/4.7.3/../../../../arm-none-eabi/lib/armv7e-m/fpu\libm.a(lib_a-s_atan.o)
 .rodata.str1.4
                0x08004020        0x8 c:/program files (x86)/emblocks/2.20/share/em_armgcc/bin/../lib/gcc/arm-none-eabi/4.7.3/../../../../arm-none-eabi/lib/armv7e-m/fpu\libm.a(lib_a-w_sqrt.o)
 .rodata.str1.1
                0x08004028        0x2 c:/program files (x86)/emblocks/2.20/share/em_armgcc/bin/../lib/gcc/arm-none-eabi/4.7.3/../../../../arm-none-eabi/lib/armv7e-m/fpu\libc_n.a(lib_a-impure.o)
 *fill*         0x0800402a        0x2 
 .rodata._global_impure_ptr
                0x0800402c        0x4 c:/program files (x86)/emblocks/2.20/share/em_armgcc/bin/../lib/gcc/arm-none-eabi/4.7.3/../../../../arm-none-eabi/lib/armv7e-m/fpu\libc_n.a(lib_a-impure.o)
                0x0800402c                _global_impure_ptr
 .rodata.str1.1
                0x08004030       0x11 c:/program files (x86)/emblocks/2.20/share/em_armgcc/bin/../lib/gcc/arm-none-eabi/4.7.3/../../../../arm-none-eabi/lib/armv7e-m/fpu\libc_n.a(lib_a-svfprintf.o)
 .rodata.str1.1
                0x08004041       0x22 c:/program files (x86)/emblocks/2.20/share/em_armgcc/bin/../lib/gcc/arm-none-eabi/4.7.3/../../../../arm-none-eabi/lib/armv7e-m/fpu\libc_n.a(lib_a-vfprintf_i.o)
 *(.eh_frame*)
 *fill*         0x08004063        0x1 
 .eh_frame      0x08004064        0x0 c:/program files (x86)/emblocks/2.20/share/em_armgcc/bin/../lib/gcc/arm-none-eabi/4.7.3/armv7e-m/fpu/crtbegin.o
 .eh_frame      0x08004064        0x4 c:/program files (x86)/emblocks/2.20/share/em_armgcc/bin/../lib/gcc/arm-none-eabi/4.7.3/armv7e-m/fpu/crtend.o

.glue_7         0x08004068        0x0
 .glue_7        0x00000000        0x0 linker stubs

.glue_7t        0x08004068        0x0
 .glue_7t       0x00000000        0x0 linker stubs

.vfp11_veneer   0x08004068        0x0
 .vfp11_veneer  0x00000000        0x0 linker stubs

.v4_bx          0x08004068        0x0
 .v4_bx         0x00000000        0x0 linker stubs

.iplt           0x08004068        0x0
 .iplt          0x00000000        0x0 c:/program files (x86)/emblocks/2.20/share/em_armgcc/bin/../lib/gcc/arm-none-eabi/4.7.3/armv7e-m/fpu/crtbegin.o

.ARM.extab
 *(.ARM.extab* .gnu.linkonce.armextab.*)
                0x08004068                __exidx_start = .

.ARM.exidx      0x08004068        0x8
 *(.ARM.exidx* .gnu.linkonce.armexidx.*)
 .ARM.exidx     0x08004068        0x8 c:/program files (x86)/emblocks/2.20/share/em_armgcc/bin/../lib/gcc/arm-none-eabi/4.7.3/../../../../arm-none-eabi/lib/armv7e-m/fpu/crt0.o
                0x08004070                __exidx_end = .
                0x08004070                __etext = .

.rel.dyn        0x08004070        0x0
 .rel.iplt      0x00000000        0x0 c:/program files (x86)/emblocks/2.20/share/em_armgcc/bin/../lib/gcc/arm-none-eabi/4.7.3/armv7e-m/fpu/crtbegin.o

.data           0x20000000       0x8c load address 0x08004070
                0x20000000                __data_start__ = .
 *(vtable)
 *(.data*)
 .data.APBAHBPrescTable
                0x20000000       0x10 obj\debug\spl\src\stm32f4xx_rcc.o
 .data.i2c_adresi
                0x20000010        0x1 obj\debug\src\main.o
                0x20000010                i2c_adresi
 *fill*         0x20000011        0x3 
 .data.SystemCoreClock
                0x20000014        0x4 obj\debug\src\system_stm32f4xx.o
                0x20000014                SystemCoreClock
 .data.__fdlib_version
                0x20000018        0x1 c:/program files (x86)/emblocks/2.20/share/em_armgcc/bin/../lib/gcc/arm-none-eabi/4.7.3/../../../../arm-none-eabi/lib/armv7e-m/fpu\libm.a(lib_a-s_lib_ver.o)
                0x20000018                __fdlib_version
 *fill*         0x20000019        0x3 
 .data.impure_data
                0x2000001c       0x64 c:/program files (x86)/emblocks/2.20/share/em_armgcc/bin/../lib/gcc/arm-none-eabi/4.7.3/../../../../arm-none-eabi/lib/armv7e-m/fpu\libc_n.a(lib_a-impure.o)
 .data._impure_ptr
                0x20000080        0x4 c:/program files (x86)/emblocks/2.20/share/em_armgcc/bin/../lib/gcc/arm-none-eabi/4.7.3/../../../../arm-none-eabi/lib/armv7e-m/fpu\libc_n.a(lib_a-impure.o)
                0x20000080                _impure_ptr
                0x20000084                . = ALIGN (0x4)
                0x20000084                PROVIDE (__preinit_array_start, .)
 *(.preinit_array)
                0x20000084                PROVIDE (__preinit_array_end, .)
                0x20000084                . = ALIGN (0x4)
                0x20000084                PROVIDE (__init_array_start, .)
 *(SORT(.init_array.*))
 *(.init_array)
 .init_array    0x20000084        0x4 c:/program files (x86)/emblocks/2.20/share/em_armgcc/bin/../lib/gcc/arm-none-eabi/4.7.3/armv7e-m/fpu/crtbegin.o
                0x20000088                PROVIDE (__init_array_end, .)
                0x20000088                . = ALIGN (0x4)
                0x20000088                PROVIDE (__fini_array_start, .)
 *(SORT(.fini_array.*))
 *(.fini_array)
 .fini_array    0x20000088        0x4 c:/program files (x86)/emblocks/2.20/share/em_armgcc/bin/../lib/gcc/arm-none-eabi/4.7.3/armv7e-m/fpu/crtbegin.o
                0x2000008c                PROVIDE (__fini_array_end, .)
                0x2000008c                . = ALIGN (0x4)
                0x2000008c                __data_end__ = .

.jcr            0x2000008c        0x0 load address 0x080040fc
 .jcr           0x2000008c        0x0 c:/program files (x86)/emblocks/2.20/share/em_armgcc/bin/../lib/gcc/arm-none-eabi/4.7.3/armv7e-m/fpu/crtbegin.o

.igot.plt       0x2000008c        0x0 load address 0x080040fc
 .igot.plt      0x00000000        0x0 c:/program files (x86)/emblocks/2.20/share/em_armgcc/bin/../lib/gcc/arm-none-eabi/4.7.3/armv7e-m/fpu/crtbegin.o

.bss            0x20000090      0x708 load address 0x08004100
                0x20000090                __bss_start__ = .
 *(.bss*)
 .bss           0x20000090       0x1c c:/program files (x86)/emblocks/2.20/share/em_armgcc/bin/../lib/gcc/arm-none-eabi/4.7.3/armv7e-m/fpu/crtbegin.o
 .bss.i2c_kontrol_sayaci
                0x200000ac        0x4 obj\debug\src\main.o
                0x200000ac                i2c_kontrol_sayaci
 .bss.__malloc_free_list
                0x200000b0        0x4 c:/program files (x86)/emblocks/2.20/share/em_armgcc/bin/../lib/gcc/arm-none-eabi/4.7.3/../../../../arm-none-eabi/lib/armv7e-m/fpu\libc_n.a(lib_a-mallocr.o)
                0x200000b0                __malloc_free_list
 .bss.heap_end.4058
                0x200000b4        0x4 c:/program files (x86)/emblocks/2.20/share/em_armgcc/bin/../lib/gcc/arm-none-eabi/4.7.3/../../../../arm-none-eabi/lib/armv7e-m/fpu\libnosys.a(sbrk.o)
 *(COMMON)
 COMMON         0x200000b8      0x6dc obj\debug\src\main.o
                0x200000b8                acilar
                0x200000f8                clickGyroLog
                0x20000418                hamVeri
                0x2000042a                MyDelay
                0x20000430                clickAcceLog
                0x20000750                sicaklik
                0x20000754                str
 COMMON         0x20000794        0x4 c:/program files (x86)/emblocks/2.20/share/em_armgcc/bin/../lib/gcc/arm-none-eabi/4.7.3/../../../../arm-none-eabi/lib/armv7e-m/fpu\libc_n.a(lib_a-reent.o)
                0x20000794                errno
                0x20000798                __bss_end__ = .

.heap           0x20000798        0x0
                0x20000798                __end__ = .
                0x20000798                end = __end__
 *(.heap*)
 .heap          0x20000798        0x0 obj\debug\src\startup_stm32f4xx.o
                0x20000798                __HeapLimit = .

.stack_dummy    0x20000798      0x100
 *(.stack)
 .stack         0x20000798      0x100 obj\debug\src\startup_stm32f4xx.o
                0x20020000                __StackTop = (ORIGIN (RAM) + 0x20000)
                0x2001ff00                __StackLimit = (__StackTop - SIZEOF (.stack_dummy))
                0x20020000                PROVIDE (__stack, __StackTop)
                0x00000001                ASSERT ((__StackLimit >= __HeapLimit), region RAM overflowed with stack)
LOAD obj\debug\spl\src\misc.o
LOAD obj\debug\spl\src\stm32f4xx_adc.o
LOAD obj\debug\spl\src\stm32f4xx_can.o
LOAD obj\debug\spl\src\stm32f4xx_crc.o
LOAD obj\debug\spl\src\stm32f4xx_cryp.o
LOAD obj\debug\spl\src\stm32f4xx_cryp_aes.o
LOAD obj\debug\spl\src\stm32f4xx_cryp_des.o
LOAD obj\debug\spl\src\stm32f4xx_cryp_tdes.o
LOAD obj\debug\spl\src\stm32f4xx_dac.o
LOAD obj\debug\spl\src\stm32f4xx_dbgmcu.o
LOAD obj\debug\spl\src\stm32f4xx_dcmi.o
LOAD obj\debug\spl\src\stm32f4xx_dma.o
LOAD obj\debug\spl\src\stm32f4xx_exti.o
LOAD obj\debug\spl\src\stm32f4xx_flash.o
LOAD obj\debug\spl\src\stm32f4xx_fsmc.o
LOAD obj\debug\spl\src\stm32f4xx_gpio.o
LOAD obj\debug\spl\src\stm32f4xx_hash.o
LOAD obj\debug\spl\src\stm32f4xx_hash_md5.o
LOAD obj\debug\spl\src\stm32f4xx_hash_sha1.o
LOAD obj\debug\spl\src\stm32f4xx_i2c.o
LOAD obj\debug\spl\src\stm32f4xx_iwdg.o
LOAD obj\debug\spl\src\stm32f4xx_pwr.o
LOAD obj\debug\spl\src\stm32f4xx_rcc.o
LOAD obj\debug\spl\src\stm32f4xx_rng.o
LOAD obj\debug\spl\src\stm32f4xx_rtc.o
LOAD obj\debug\spl\src\stm32f4xx_sdio.o
LOAD obj\debug\spl\src\stm32f4xx_spi.o
LOAD obj\debug\spl\src\stm32f4xx_syscfg.o
LOAD obj\debug\spl\src\stm32f4xx_tim.o
LOAD obj\debug\spl\src\stm32f4xx_usart.o
LOAD obj\debug\spl\src\stm32f4xx_wwdg.o
LOAD obj\debug\src\mpu6050.o
LOAD obj\debug\src\main.o
LOAD obj\debug\src\startup_stm32f4xx.o
LOAD obj\debug\src\system_stm32f4xx.o
LOAD c:/program files (x86)/emblocks/2.20/share/em_armgcc/bin/../lib/gcc/arm-none-eabi/4.7.3/../../../../arm-none-eabi/lib/armv7e-m/fpu\libm.a
START GROUP
LOAD c:/program files (x86)/emblocks/2.20/share/em_armgcc/bin/../lib/gcc/arm-none-eabi/4.7.3/armv7e-m/fpu\libgcc.a
LOAD c:/program files (x86)/emblocks/2.20/share/em_armgcc/bin/../lib/gcc/arm-none-eabi/4.7.3/../../../../arm-none-eabi/lib/armv7e-m/fpu\libc_n.a
LOAD c:/program files (x86)/emblocks/2.20/share/em_armgcc/bin/../lib/gcc/arm-none-eabi/4.7.3/../../../../arm-none-eabi/lib/armv7e-m/fpu\libg_n.a
LOAD c:/program files (x86)/emblocks/2.20/share/em_armgcc/bin/../lib/gcc/arm-none-eabi/4.7.3/../../../../arm-none-eabi/lib/armv7e-m/fpu\libnosys.a
END GROUP
LOAD c:/program files (x86)/emblocks/2.20/share/em_armgcc/bin/../lib/gcc/arm-none-eabi/4.7.3/armv7e-m/fpu/crtend.o
LOAD c:/program files (x86)/emblocks/2.20/share/em_armgcc/bin/../lib/gcc/arm-none-eabi/4.7.3/armv7e-m/fpu/crtn.o
OUTPUT(bin\Debug\GokhanBeken_MPU9150.elf elf32-littlearm)

.ARM.attributes
                0x00000000       0x30
 .ARM.attributes
                0x00000000       0x22 c:/program files (x86)/emblocks/2.20/share/em_armgcc/bin/../lib/gcc/arm-none-eabi/4.7.3/armv7e-m/fpu/crti.o
 .ARM.attributes
                0x00000022       0x34 c:/program files (x86)/emblocks/2.20/share/em_armgcc/bin/../lib/gcc/arm-none-eabi/4.7.3/armv7e-m/fpu/crtbegin.o
 .ARM.attributes
                0x00000056       0x20 c:/program files (x86)/emblocks/2.20/share/em_armgcc/bin/../lib/gcc/arm-none-eabi/4.7.3/../../../../arm-none-eabi/lib/armv7e-m/fpu/crt0.o
 .ARM.attributes
                0x00000076       0x39 obj\debug\spl\src\stm32f4xx_gpio.o
 .ARM.attributes
                0x000000af       0x39 obj\debug\spl\src\stm32f4xx_i2c.o
 .ARM.attributes
                0x000000e8       0x39 obj\debug\spl\src\stm32f4xx_rcc.o
 .ARM.attributes
                0x00000121       0x39 obj\debug\spl\src\stm32f4xx_usart.o
 .ARM.attributes
                0x0000015a       0x39 obj\debug\src\mpu6050.o
 .ARM.attributes
                0x00000193       0x39 obj\debug\src\main.o
 .ARM.attributes
                0x000001cc       0x1f obj\debug\src\startup_stm32f4xx.o
 .ARM.attributes
                0x000001eb       0x39 obj\debug\src\system_stm32f4xx.o
 .ARM.attributes
                0x00000224       0x34 c:/program files (x86)/emblocks/2.20/share/em_armgcc/bin/../lib/gcc/arm-none-eabi/4.7.3/../../../../arm-none-eabi/lib/armv7e-m/fpu\libm.a(lib_a-s_atan.o)
 .ARM.attributes
                0x00000258       0x34 c:/program files (x86)/emblocks/2.20/share/em_armgcc/bin/../lib/gcc/arm-none-eabi/4.7.3/../../../../arm-none-eabi/lib/armv7e-m/fpu\libm.a(lib_a-s_fabs.o)
 .ARM.attributes
                0x0000028c       0x34 c:/program files (x86)/emblocks/2.20/share/em_armgcc/bin/../lib/gcc/arm-none-eabi/4.7.3/../../../../arm-none-eabi/lib/armv7e-m/fpu\libm.a(lib_a-s_round.o)
 .ARM.attributes
                0x000002c0       0x34 c:/program files (x86)/emblocks/2.20/share/em_armgcc/bin/../lib/gcc/arm-none-eabi/4.7.3/../../../../arm-none-eabi/lib/armv7e-m/fpu\libm.a(lib_a-w_atan2.o)
 .ARM.attributes
                0x000002f4       0x34 c:/program files (x86)/emblocks/2.20/share/em_armgcc/bin/../lib/gcc/arm-none-eabi/4.7.3/../../../../arm-none-eabi/lib/armv7e-m/fpu\libm.a(lib_a-w_sqrt.o)
 .ARM.attributes
                0x00000328       0x34 c:/program files (x86)/emblocks/2.20/share/em_armgcc/bin/../lib/gcc/arm-none-eabi/4.7.3/../../../../arm-none-eabi/lib/armv7e-m/fpu\libm.a(lib_a-e_atan2.o)
 .ARM.attributes
                0x0000035c       0x34 c:/program files (x86)/emblocks/2.20/share/em_armgcc/bin/../lib/gcc/arm-none-eabi/4.7.3/../../../../arm-none-eabi/lib/armv7e-m/fpu\libm.a(lib_a-e_sqrt.o)
 .ARM.attributes
                0x00000390       0x34 c:/program files (x86)/emblocks/2.20/share/em_armgcc/bin/../lib/gcc/arm-none-eabi/4.7.3/../../../../arm-none-eabi/lib/armv7e-m/fpu\libm.a(lib_a-s_fpclassify.o)
 .ARM.attributes
                0x000003c4       0x34 c:/program files (x86)/emblocks/2.20/share/em_armgcc/bin/../lib/gcc/arm-none-eabi/4.7.3/../../../../arm-none-eabi/lib/armv7e-m/fpu\libm.a(lib_a-s_lib_ver.o)
 .ARM.attributes
                0x000003f8       0x34 c:/program files (x86)/emblocks/2.20/share/em_armgcc/bin/../lib/gcc/arm-none-eabi/4.7.3/../../../../arm-none-eabi/lib/armv7e-m/fpu\libm.a(lib_a-s_matherr.o)
 .ARM.attributes
                0x0000042c       0x22 c:/program files (x86)/emblocks/2.20/share/em_armgcc/bin/../lib/gcc/arm-none-eabi/4.7.3/armv7e-m/fpu\libgcc.a(_arm_addsubdf3.o)
 .ARM.attributes
                0x0000044e       0x22 c:/program files (x86)/emblocks/2.20/share/em_armgcc/bin/../lib/gcc/arm-none-eabi/4.7.3/armv7e-m/fpu\libgcc.a(_arm_muldivdf3.o)
 .ARM.attributes
                0x00000470       0x22 c:/program files (x86)/emblocks/2.20/share/em_armgcc/bin/../lib/gcc/arm-none-eabi/4.7.3/armv7e-m/fpu\libgcc.a(_arm_cmpdf2.o)
 .ARM.attributes
                0x00000492       0x22 c:/program files (x86)/emblocks/2.20/share/em_armgcc/bin/../lib/gcc/arm-none-eabi/4.7.3/armv7e-m/fpu\libgcc.a(_arm_fixdfsi.o)
 .ARM.attributes
                0x000004b4       0x22 c:/program files (x86)/emblocks/2.20/share/em_armgcc/bin/../lib/gcc/arm-none-eabi/4.7.3/armv7e-m/fpu\libgcc.a(_arm_truncdfsf2.o)
 .ARM.attributes
                0x000004d6       0x34 c:/program files (x86)/emblocks/2.20/share/em_armgcc/bin/../lib/gcc/arm-none-eabi/4.7.3/../../../../arm-none-eabi/lib/armv7e-m/fpu\libc_n.a(lib_a-__atexit2.o)
 .ARM.attributes
                0x0000050a       0x34 c:/program files (x86)/emblocks/2.20/share/em_armgcc/bin/../lib/gcc/arm-none-eabi/4.7.3/../../../../arm-none-eabi/lib/armv7e-m/fpu\libc_n.a(lib_a-errno.o)
 .ARM.attributes
                0x0000053e       0x34 c:/program files (x86)/emblocks/2.20/share/em_armgcc/bin/../lib/gcc/arm-none-eabi/4.7.3/../../../../arm-none-eabi/lib/armv7e-m/fpu\libc_n.a(lib_a-exit.o)
 .ARM.attributes
                0x00000572       0x34 c:/program files (x86)/emblocks/2.20/share/em_armgcc/bin/../lib/gcc/arm-none-eabi/4.7.3/../../../../arm-none-eabi/lib/armv7e-m/fpu\libc_n.a(lib_a-fini.o)
 .ARM.attributes
                0x000005a6       0x34 c:/program files (x86)/emblocks/2.20/share/em_armgcc/bin/../lib/gcc/arm-none-eabi/4.7.3/../../../../arm-none-eabi/lib/armv7e-m/fpu\libc_n.a(lib_a-impure.o)
 .ARM.attributes
                0x000005da       0x34 c:/program files (x86)/emblocks/2.20/share/em_armgcc/bin/../lib/gcc/arm-none-eabi/4.7.3/../../../../arm-none-eabi/lib/armv7e-m/fpu\libc_n.a(lib_a-init.o)
 .ARM.attributes
                0x0000060e       0x34 c:/program files (x86)/emblocks/2.20/share/em_armgcc/bin/../lib/gcc/arm-none-eabi/4.7.3/../../../../arm-none-eabi/lib/armv7e-m/fpu\libc_n.a(lib_a-memset.o)
 .ARM.attributes
                0x00000642       0x34 c:/program files (x86)/emblocks/2.20/share/em_armgcc/bin/../lib/gcc/arm-none-eabi/4.7.3/../../../../arm-none-eabi/lib/armv7e-m/fpu\libc_n.a(lib_a-sprintf.o)
 .ARM.attributes
                0x00000676       0x34 c:/program files (x86)/emblocks/2.20/share/em_armgcc/bin/../lib/gcc/arm-none-eabi/4.7.3/../../../../arm-none-eabi/lib/armv7e-m/fpu\libc_n.a(lib_a-svfprintf.o)
 .ARM.attributes
                0x000006aa       0x34 c:/program files (x86)/emblocks/2.20/share/em_armgcc/bin/../lib/gcc/arm-none-eabi/4.7.3/../../../../arm-none-eabi/lib/armv7e-m/fpu\libc_n.a(lib_a-vfprintf_i.o)
 .ARM.attributes
                0x000006de       0x34 c:/program files (x86)/emblocks/2.20/share/em_armgcc/bin/../lib/gcc/arm-none-eabi/4.7.3/../../../../arm-none-eabi/lib/armv7e-m/fpu\libc_n.a(lib_a-freer.o)
 .ARM.attributes
                0x00000712       0x34 c:/program files (x86)/emblocks/2.20/share/em_armgcc/bin/../lib/gcc/arm-none-eabi/4.7.3/../../../../arm-none-eabi/lib/armv7e-m/fpu\libc_n.a(lib_a-mallocr.o)
 .ARM.attributes
                0x00000746       0x34 c:/program files (x86)/emblocks/2.20/share/em_armgcc/bin/../lib/gcc/arm-none-eabi/4.7.3/../../../../arm-none-eabi/lib/armv7e-m/fpu\libc_n.a(lib_a-memchr.o)
 .ARM.attributes
                0x0000077a       0x34 c:/program files (x86)/emblocks/2.20/share/em_armgcc/bin/../lib/gcc/arm-none-eabi/4.7.3/../../../../arm-none-eabi/lib/armv7e-m/fpu\libc_n.a(lib_a-memcpy.o)
 .ARM.attributes
                0x000007ae       0x34 c:/program files (x86)/emblocks/2.20/share/em_armgcc/bin/../lib/gcc/arm-none-eabi/4.7.3/../../../../arm-none-eabi/lib/armv7e-m/fpu\libc_n.a(lib_a-reallocr.o)
 .ARM.attributes
                0x000007e2       0x34 c:/program files (x86)/emblocks/2.20/share/em_armgcc/bin/../lib/gcc/arm-none-eabi/4.7.3/../../../../arm-none-eabi/lib/armv7e-m/fpu\libc_n.a(lib_a-sbrkr.o)
 .ARM.attributes
                0x00000816       0x34 c:/program files (x86)/emblocks/2.20/share/em_armgcc/bin/../lib/gcc/arm-none-eabi/4.7.3/../../../../arm-none-eabi/lib/armv7e-m/fpu\libc_n.a(lib_a-strlen.o)
 .ARM.attributes
                0x0000084a       0x34 c:/program files (x86)/emblocks/2.20/share/em_armgcc/bin/../lib/gcc/arm-none-eabi/4.7.3/../../../../arm-none-eabi/lib/armv7e-m/fpu\libc_n.a(lib_a-msizer.o)
 .ARM.attributes
                0x0000087e       0x34 c:/program files (x86)/emblocks/2.20/share/em_armgcc/bin/../lib/gcc/arm-none-eabi/4.7.3/../../../../arm-none-eabi/lib/armv7e-m/fpu\libc_n.a(lib_a-reent.o)
 .ARM.attributes
                0x000008b2       0x34 c:/program files (x86)/emblocks/2.20/share/em_armgcc/bin/../lib/gcc/arm-none-eabi/4.7.3/../../../../arm-none-eabi/lib/armv7e-m/fpu\libnosys.a(sbrk.o)
 .ARM.attributes
                0x000008e6       0x34 c:/program files (x86)/emblocks/2.20/share/em_armgcc/bin/../lib/gcc/arm-none-eabi/4.7.3/../../../../arm-none-eabi/lib/armv7e-m/fpu\libnosys.a(_exit.o)
 .ARM.attributes
                0x0000091a       0x34 c:/program files (x86)/emblocks/2.20/share/em_armgcc/bin/../lib/gcc/arm-none-eabi/4.7.3/armv7e-m/fpu/crtend.o
 .ARM.attributes
                0x0000094e       0x22 c:/program files (x86)/emblocks/2.20/share/em_armgcc/bin/../lib/gcc/arm-none-eabi/4.7.3/armv7e-m/fpu/crtn.o

.comment        0x00000000       0x4e
 .comment       0x00000000       0x4e obj\debug\spl\src\stm32f4xx_gpio.o
                                 0x4f (size before relaxing)
 .comment       0x00000000       0x4f obj\debug\spl\src\stm32f4xx_i2c.o
 .comment       0x00000000       0x4f obj\debug\spl\src\stm32f4xx_rcc.o
 .comment       0x00000000       0x4f obj\debug\spl\src\stm32f4xx_usart.o
 .comment       0x00000000       0x4f obj\debug\src\mpu6050.o
 .comment       0x00000000       0x4f obj\debug\src\main.o
 .comment       0x00000000       0x4f obj\debug\src\system_stm32f4xx.o

.debug_info     0x00000000     0x522e
 .debug_info    0x00000000      0x648 obj\debug\spl\src\stm32f4xx_gpio.o
 .debug_info    0x00000648      0xbb3 obj\debug\spl\src\stm32f4xx_i2c.o
 .debug_info    0x000011fb      0xd51 obj\debug\spl\src\stm32f4xx_rcc.o
 .debug_info    0x00001f4c      0xa6d obj\debug\spl\src\stm32f4xx_usart.o
 .debug_info    0x000029b9      0xd62 obj\debug\src\mpu6050.o
 .debug_info    0x0000371b     0x1481 obj\debug\src\main.o
 .debug_info    0x00004b9c       0x95 obj\debug\src\startup_stm32f4xx.o
 .debug_info    0x00004c31      0x5fd obj\debug\src\system_stm32f4xx.o

.debug_abbrev   0x00000000      0xcbc
 .debug_abbrev  0x00000000      0x1aa obj\debug\spl\src\stm32f4xx_gpio.o
 .debug_abbrev  0x000001aa      0x16b obj\debug\spl\src\stm32f4xx_i2c.o
 .debug_abbrev  0x00000315      0x1ea obj\debug\spl\src\stm32f4xx_rcc.o
 .debug_abbrev  0x000004ff      0x15c obj\debug\spl\src\stm32f4xx_usart.o
 .debug_abbrev  0x0000065b      0x243 obj\debug\src\mpu6050.o
 .debug_abbrev  0x0000089e      0x2cd obj\debug\src\main.o
 .debug_abbrev  0x00000b6b       0x14 obj\debug\src\startup_stm32f4xx.o
 .debug_abbrev  0x00000b7f      0x13d obj\debug\src\system_stm32f4xx.o

.debug_loc      0x00000000     0x22b6
 .debug_loc     0x00000000      0x310 obj\debug\spl\src\stm32f4xx_gpio.o
 .debug_loc     0x00000310      0x738 obj\debug\spl\src\stm32f4xx_i2c.o
 .debug_loc     0x00000a48      0x97c obj\debug\spl\src\stm32f4xx_rcc.o
 .debug_loc     0x000013c4      0x658 obj\debug\spl\src\stm32f4xx_usart.o
 .debug_loc     0x00001a1c      0x4b8 obj\debug\src\mpu6050.o
 .debug_loc     0x00001ed4      0x346 obj\debug\src\main.o
 .debug_loc     0x0000221a       0x9c obj\debug\src\system_stm32f4xx.o

.debug_aranges  0x00000000      0x5d0
 .debug_aranges
                0x00000000       0x88 obj\debug\spl\src\stm32f4xx_gpio.o
 .debug_aranges
                0x00000088      0x120 obj\debug\spl\src\stm32f4xx_i2c.o
 .debug_aranges
                0x000001a8      0x178 obj\debug\spl\src\stm32f4xx_rcc.o
 .debug_aranges
                0x00000320      0x100 obj\debug\spl\src\stm32f4xx_usart.o
 .debug_aranges
                0x00000420       0xc8 obj\debug\src\mpu6050.o
 .debug_aranges
                0x000004e8       0x98 obj\debug\src\main.o
 .debug_aranges
                0x00000580       0x20 obj\debug\src\startup_stm32f4xx.o
 .debug_aranges
                0x000005a0       0x30 obj\debug\src\system_stm32f4xx.o

.debug_ranges   0x00000000      0x540
 .debug_ranges  0x00000000       0x78 obj\debug\spl\src\stm32f4xx_gpio.o
 .debug_ranges  0x00000078      0x110 obj\debug\spl\src\stm32f4xx_i2c.o
 .debug_ranges  0x00000188      0x168 obj\debug\spl\src\stm32f4xx_rcc.o
 .debug_ranges  0x000002f0       0xf0 obj\debug\spl\src\stm32f4xx_usart.o
 .debug_ranges  0x000003e0       0xb8 obj\debug\src\mpu6050.o
 .debug_ranges  0x00000498       0x88 obj\debug\src\main.o
 .debug_ranges  0x00000520       0x20 obj\debug\src\system_stm32f4xx.o

.debug_macro    0x00000000     0x2db7
 .debug_macro   0x00000000      0x1c1 obj\debug\spl\src\stm32f4xx_gpio.o
 .debug_macro   0x000001c1      0x25f obj\debug\spl\src\stm32f4xx_gpio.o
 .debug_macro   0x00000420      0x1d3 obj\debug\spl\src\stm32f4xx_i2c.o
 .debug_macro   0x000005f3      0x2ab obj\debug\spl\src\stm32f4xx_i2c.o
 .debug_macro   0x0000089e      0x269 obj\debug\spl\src\stm32f4xx_rcc.o
 .debug_macro   0x00000b07      0x532 obj\debug\spl\src\stm32f4xx_rcc.o
 .debug_macro   0x00001039      0x1d9 obj\debug\spl\src\stm32f4xx_usart.o
 .debug_macro   0x00001212      0x21a obj\debug\spl\src\stm32f4xx_usart.o
 .debug_macro   0x0000142c      0x278 obj\debug\src\mpu6050.o
 .debug_macro   0x000016a4       0x34 obj\debug\src\mpu6050.o
 .debug_macro   0x000016d8      0x845 obj\debug\src\mpu6050.o
 .debug_macro   0x00001f1d       0x16 obj\debug\src\mpu6050.o
 .debug_macro   0x00001f33       0x97 obj\debug\src\mpu6050.o
 .debug_macro   0x00001fca       0x10 obj\debug\src\mpu6050.o
 .debug_macro   0x00001fda       0x3a obj\debug\src\mpu6050.o
 .debug_macro   0x00002014       0x52 obj\debug\src\mpu6050.o
 .debug_macro   0x00002066       0x19 obj\debug\src\mpu6050.o
 .debug_macro   0x0000207f      0x16d obj\debug\src\mpu6050.o
 .debug_macro   0x000021ec       0x10 obj\debug\src\mpu6050.o
 .debug_macro   0x000021fc       0xf5 obj\debug\src\mpu6050.o
 .debug_macro   0x000022f1       0x22 obj\debug\src\mpu6050.o
 .debug_macro   0x00002313       0x97 obj\debug\src\mpu6050.o
 .debug_macro   0x000023aa       0x16 obj\debug\src\mpu6050.o
 .debug_macro   0x000023c0      0x16c obj\debug\src\mpu6050.o
 .debug_macro   0x0000252c      0x282 obj\debug\src\main.o
 .debug_macro   0x000027ae      0x1e1 obj\debug\src\main.o
 .debug_macro   0x0000298f      0x214 obj\debug\src\main.o
 .debug_macro   0x00002ba3       0x3a obj\debug\src\main.o
 .debug_macro   0x00002bdd      0x1da obj\debug\src\system_stm32f4xx.o

.debug_line     0x00000000     0x34a0
 .debug_line    0x00000000      0x647 obj\debug\spl\src\stm32f4xx_gpio.o
 .debug_line    0x00000647      0x7d2 obj\debug\spl\src\stm32f4xx_i2c.o
 .debug_line    0x00000e19      0x8a4 obj\debug\spl\src\stm32f4xx_rcc.o
 .debug_line    0x000016bd      0x798 obj\debug\spl\src\stm32f4xx_usart.o
 .debug_line    0x00001e55      0x848 obj\debug\src\mpu6050.o
 .debug_line    0x0000269d      0x7c2 obj\debug\src\main.o
 .debug_line    0x00002e5f       0xcc obj\debug\src\startup_stm32f4xx.o
 .debug_line    0x00002f2b      0x575 obj\debug\src\system_stm32f4xx.o

.debug_str      0x00000000    0x5d764
 .debug_str     0x00000000    0x563b4 obj\debug\spl\src\stm32f4xx_gpio.o
                              0x5651d (size before relaxing)
 .debug_str     0x000563b4      0x4e6 obj\debug\spl\src\stm32f4xx_i2c.o
                              0x56743 (size before relaxing)
 .debug_str     0x0005689a      0xa6c obj\debug\spl\src\stm32f4xx_rcc.o
                              0x56d9e (size before relaxing)
 .debug_str     0x00057306      0x52a obj\debug\spl\src\stm32f4xx_usart.o
                              0x5682d (size before relaxing)
 .debug_str     0x00057830     0x4fcd obj\debug\src\mpu6050.o
                              0x5b508 (size before relaxing)
 .debug_str     0x0005c7fd      0xeab obj\debug\src\main.o
                              0x5c273 (size before relaxing)
 .debug_str     0x0005d6a8       0xbc obj\debug\src\system_stm32f4xx.o
                              0x5645d (size before relaxing)

.debug_frame    0x00000000     0x180c
 .debug_frame   0x00000000      0x19c obj\debug\spl\src\stm32f4xx_gpio.o
 .debug_frame   0x0000019c      0x3b4 obj\debug\spl\src\stm32f4xx_i2c.o
 .debug_frame   0x00000550      0x4d8 obj\debug\spl\src\stm32f4xx_rcc.o
 .debug_frame   0x00000a28      0x344 obj\debug\spl\src\stm32f4xx_usart.o
 .debug_frame   0x00000d6c      0x2c0 obj\debug\src\mpu6050.o
 .debug_frame   0x0000102c      0x1f0 obj\debug\src\main.o
 .debug_frame   0x0000121c       0x64 obj\debug\src\system_stm32f4xx.o
 .debug_frame   0x00001280       0x38 c:/program files (x86)/emblocks/2.20/share/em_armgcc/bin/../lib/gcc/arm-none-eabi/4.7.3/../../../../arm-none-eabi/lib/armv7e-m/fpu\libm.a(lib_a-s_atan.o)
 .debug_frame   0x000012b8       0x20 c:/program files (x86)/emblocks/2.20/share/em_armgcc/bin/../lib/gcc/arm-none-eabi/4.7.3/../../../../arm-none-eabi/lib/armv7e-m/fpu\libm.a(lib_a-s_fabs.o)
 .debug_frame   0x000012d8       0x28 c:/program files (x86)/emblocks/2.20/share/em_armgcc/bin/../lib/gcc/arm-none-eabi/4.7.3/../../../../arm-none-eabi/lib/armv7e-m/fpu\libm.a(lib_a-s_round.o)
 .debug_frame   0x00001300       0x20 c:/program files (x86)/emblocks/2.20/share/em_armgcc/bin/../lib/gcc/arm-none-eabi/4.7.3/../../../../arm-none-eabi/lib/armv7e-m/fpu\libm.a(lib_a-w_atan2.o)
 .debug_frame   0x00001320       0x34 c:/program files (x86)/emblocks/2.20/share/em_armgcc/bin/../lib/gcc/arm-none-eabi/4.7.3/../../../../arm-none-eabi/lib/armv7e-m/fpu\libm.a(lib_a-w_sqrt.o)
 .debug_frame   0x00001354       0x30 c:/program files (x86)/emblocks/2.20/share/em_armgcc/bin/../lib/gcc/arm-none-eabi/4.7.3/../../../../arm-none-eabi/lib/armv7e-m/fpu\libm.a(lib_a-e_atan2.o)
 .debug_frame   0x00001384       0x3c c:/program files (x86)/emblocks/2.20/share/em_armgcc/bin/../lib/gcc/arm-none-eabi/4.7.3/../../../../arm-none-eabi/lib/armv7e-m/fpu\libm.a(lib_a-e_sqrt.o)
 .debug_frame   0x000013c0       0x20 c:/program files (x86)/emblocks/2.20/share/em_armgcc/bin/../lib/gcc/arm-none-eabi/4.7.3/../../../../arm-none-eabi/lib/armv7e-m/fpu\libm.a(lib_a-s_fpclassify.o)
 .debug_frame   0x000013e0       0x20 c:/program files (x86)/emblocks/2.20/share/em_armgcc/bin/../lib/gcc/arm-none-eabi/4.7.3/../../../../arm-none-eabi/lib/armv7e-m/fpu\libm.a(lib_a-s_matherr.o)
 .debug_frame   0x00001400       0x28 c:/program files (x86)/emblocks/2.20/share/em_armgcc/bin/../lib/gcc/arm-none-eabi/4.7.3/../../../../arm-none-eabi/lib/armv7e-m/fpu\libc_n.a(lib_a-__atexit2.o)
 .debug_frame   0x00001428       0x20 c:/program files (x86)/emblocks/2.20/share/em_armgcc/bin/../lib/gcc/arm-none-eabi/4.7.3/../../../../arm-none-eabi/lib/armv7e-m/fpu\libc_n.a(lib_a-errno.o)
 .debug_frame   0x00001448       0x28 c:/program files (x86)/emblocks/2.20/share/em_armgcc/bin/../lib/gcc/arm-none-eabi/4.7.3/../../../../arm-none-eabi/lib/armv7e-m/fpu\libc_n.a(lib_a-exit.o)
 .debug_frame   0x00001470       0x2c c:/program files (x86)/emblocks/2.20/share/em_armgcc/bin/../lib/gcc/arm-none-eabi/4.7.3/../../../../arm-none-eabi/lib/armv7e-m/fpu\libc_n.a(lib_a-fini.o)
 .debug_frame   0x0000149c       0x2c c:/program files (x86)/emblocks/2.20/share/em_armgcc/bin/../lib/gcc/arm-none-eabi/4.7.3/../../../../arm-none-eabi/lib/armv7e-m/fpu\libc_n.a(lib_a-init.o)
 .debug_frame   0x000014c8       0x20 c:/program files (x86)/emblocks/2.20/share/em_armgcc/bin/../lib/gcc/arm-none-eabi/4.7.3/../../../../arm-none-eabi/lib/armv7e-m/fpu\libc_n.a(lib_a-memset.o)
 .debug_frame   0x000014e8       0x58 c:/program files (x86)/emblocks/2.20/share/em_armgcc/bin/../lib/gcc/arm-none-eabi/4.7.3/../../../../arm-none-eabi/lib/armv7e-m/fpu\libc_n.a(lib_a-sprintf.o)
 .debug_frame   0x00001540       0x8c c:/program files (x86)/emblocks/2.20/share/em_armgcc/bin/../lib/gcc/arm-none-eabi/4.7.3/../../../../arm-none-eabi/lib/armv7e-m/fpu\libc_n.a(lib_a-svfprintf.o)
 .debug_frame   0x000015cc       0x58 c:/program files (x86)/emblocks/2.20/share/em_armgcc/bin/../lib/gcc/arm-none-eabi/4.7.3/../../../../arm-none-eabi/lib/armv7e-m/fpu\libc_n.a(lib_a-vfprintf_i.o)
 .debug_frame   0x00001624       0x2c c:/program files (x86)/emblocks/2.20/share/em_armgcc/bin/../lib/gcc/arm-none-eabi/4.7.3/../../../../arm-none-eabi/lib/armv7e-m/fpu\libc_n.a(lib_a-freer.o)
 .debug_frame   0x00001650       0x2c c:/program files (x86)/emblocks/2.20/share/em_armgcc/bin/../lib/gcc/arm-none-eabi/4.7.3/../../../../arm-none-eabi/lib/armv7e-m/fpu\libc_n.a(lib_a-mallocr.o)
 .debug_frame   0x0000167c       0x28 c:/program files (x86)/emblocks/2.20/share/em_armgcc/bin/../lib/gcc/arm-none-eabi/4.7.3/../../../../arm-none-eabi/lib/armv7e-m/fpu\libc_n.a(lib_a-memchr.o)
 .debug_frame   0x000016a4       0x28 c:/program files (x86)/emblocks/2.20/share/em_armgcc/bin/../lib/gcc/arm-none-eabi/4.7.3/../../../../arm-none-eabi/lib/armv7e-m/fpu\libc_n.a(lib_a-memcpy.o)
 .debug_frame   0x000016cc       0x30 c:/program files (x86)/emblocks/2.20/share/em_armgcc/bin/../lib/gcc/arm-none-eabi/4.7.3/../../../../arm-none-eabi/lib/armv7e-m/fpu\libc_n.a(lib_a-reallocr.o)
 .debug_frame   0x000016fc       0x2c c:/program files (x86)/emblocks/2.20/share/em_armgcc/bin/../lib/gcc/arm-none-eabi/4.7.3/../../../../arm-none-eabi/lib/armv7e-m/fpu\libc_n.a(lib_a-sbrkr.o)
 .debug_frame   0x00001728       0x20 c:/program files (x86)/emblocks/2.20/share/em_armgcc/bin/../lib/gcc/arm-none-eabi/4.7.3/../../../../arm-none-eabi/lib/armv7e-m/fpu\libc_n.a(lib_a-strlen.o)
 .debug_frame   0x00001748       0x20 c:/program files (x86)/emblocks/2.20/share/em_armgcc/bin/../lib/gcc/arm-none-eabi/4.7.3/../../../../arm-none-eabi/lib/armv7e-m/fpu\libc_n.a(lib_a-msizer.o)
 .debug_frame   0x00001768       0x64 c:/program files (x86)/emblocks/2.20/share/em_armgcc/bin/../lib/gcc/arm-none-eabi/4.7.3/../../../../arm-none-eabi/lib/armv7e-m/fpu\libc_n.a(lib_a-reent.o)
 .debug_frame   0x000017cc       0x20 c:/program files (x86)/emblocks/2.20/share/em_armgcc/bin/../lib/gcc/arm-none-eabi/4.7.3/../../../../arm-none-eabi/lib/armv7e-m/fpu\libnosys.a(sbrk.o)
 .debug_frame   0x000017ec       0x20 c:/program files (x86)/emblocks/2.20/share/em_armgcc/bin/../lib/gcc/arm-none-eabi/4.7.3/../../../../arm-none-eabi/lib/armv7e-m/fpu\libnosys.a(_exit.o)
