Archive member included because of file (symbol)

d:/emblocks/2.20/share/em_armgcc/bin/../lib/gcc/arm-none-eabi/4.7.3/../../../../arm-none-eabi/lib/armv7e-m/fpu\libm.a(lib_a-s_atan.o)
                              obj\debug\src\main.o (atan)
d:/emblocks/2.20/share/em_armgcc/bin/../lib/gcc/arm-none-eabi/4.7.3/../../../../arm-none-eabi/lib/armv7e-m/fpu\libm.a(lib_a-s_fabs.o)
                              d:/emblocks/2.20/share/em_armgcc/bin/../lib/gcc/arm-none-eabi/4.7.3/../../../../arm-none-eabi/lib/armv7e-m/fpu\libm.a(lib_a-s_atan.o) (fabs)
d:/emblocks/2.20/share/em_armgcc/bin/../lib/gcc/arm-none-eabi/4.7.3/../../../../arm-none-eabi/lib/armv7e-m/fpu\libm.a(lib_a-s_round.o)
                              obj\debug\src\main.o (round)
d:/emblocks/2.20/share/em_armgcc/bin/../lib/gcc/arm-none-eabi/4.7.3/../../../../arm-none-eabi/lib/armv7e-m/fpu\libm.a(lib_a-w_atan2.o)
                              obj\debug\src\main.o (atan2)
d:/emblocks/2.20/share/em_armgcc/bin/../lib/gcc/arm-none-eabi/4.7.3/../../../../arm-none-eabi/lib/armv7e-m/fpu\libm.a(lib_a-w_sqrt.o)
                              obj\debug\src\main.o (sqrt)
d:/emblocks/2.20/share/em_armgcc/bin/../lib/gcc/arm-none-eabi/4.7.3/../../../../arm-none-eabi/lib/armv7e-m/fpu\libm.a(lib_a-e_atan2.o)
                              d:/emblocks/2.20/share/em_armgcc/bin/../lib/gcc/arm-none-eabi/4.7.3/../../../../arm-none-eabi/lib/armv7e-m/fpu\libm.a(lib_a-w_atan2.o) (__ieee754_atan2)
d:/emblocks/2.20/share/em_armgcc/bin/../lib/gcc/arm-none-eabi/4.7.3/../../../../arm-none-eabi/lib/armv7e-m/fpu\libm.a(lib_a-e_sqrt.o)
                              d:/emblocks/2.20/share/em_armgcc/bin/../lib/gcc/arm-none-eabi/4.7.3/../../../../arm-none-eabi/lib/armv7e-m/fpu\libm.a(lib_a-w_sqrt.o) (__ieee754_sqrt)
d:/emblocks/2.20/share/em_armgcc/bin/../lib/gcc/arm-none-eabi/4.7.3/../../../../arm-none-eabi/lib/armv7e-m/fpu\libm.a(lib_a-s_fpclassify.o)
                              d:/emblocks/2.20/share/em_armgcc/bin/../lib/gcc/arm-none-eabi/4.7.3/../../../../arm-none-eabi/lib/armv7e-m/fpu\libm.a(lib_a-w_sqrt.o) (__fpclassifyd)
d:/emblocks/2.20/share/em_armgcc/bin/../lib/gcc/arm-none-eabi/4.7.3/../../../../arm-none-eabi/lib/armv7e-m/fpu\libm.a(lib_a-s_lib_ver.o)
                              d:/emblocks/2.20/share/em_armgcc/bin/../lib/gcc/arm-none-eabi/4.7.3/../../../../arm-none-eabi/lib/armv7e-m/fpu\libm.a(lib_a-w_sqrt.o) (__fdlib_version)
d:/emblocks/2.20/share/em_armgcc/bin/../lib/gcc/arm-none-eabi/4.7.3/../../../../arm-none-eabi/lib/armv7e-m/fpu\libm.a(lib_a-s_matherr.o)
                              d:/emblocks/2.20/share/em_armgcc/bin/../lib/gcc/arm-none-eabi/4.7.3/../../../../arm-none-eabi/lib/armv7e-m/fpu\libm.a(lib_a-w_sqrt.o) (matherr)
d:/emblocks/2.20/share/em_armgcc/bin/../lib/gcc/arm-none-eabi/4.7.3/armv7e-m/fpu\libgcc.a(_arm_addsubdf3.o)
                              d:/emblocks/2.20/share/em_armgcc/bin/../lib/gcc/arm-none-eabi/4.7.3/../../../../arm-none-eabi/lib/armv7e-m/fpu\libm.a(lib_a-s_atan.o) (__aeabi_dsub)
d:/emblocks/2.20/share/em_armgcc/bin/../lib/gcc/arm-none-eabi/4.7.3/armv7e-m/fpu\libgcc.a(_arm_muldivdf3.o)
                              obj\debug\src\main.o (__aeabi_dmul)
d:/emblocks/2.20/share/em_armgcc/bin/../lib/gcc/arm-none-eabi/4.7.3/armv7e-m/fpu\libgcc.a(_arm_cmpdf2.o)
                              d:/emblocks/2.20/share/em_armgcc/bin/../lib/gcc/arm-none-eabi/4.7.3/../../../../arm-none-eabi/lib/armv7e-m/fpu\libm.a(lib_a-w_sqrt.o) (__aeabi_dcmplt)
d:/emblocks/2.20/share/em_armgcc/bin/../lib/gcc/arm-none-eabi/4.7.3/armv7e-m/fpu\libgcc.a(_arm_fixdfsi.o)
                              obj\debug\src\main.o (__aeabi_d2iz)
d:/emblocks/2.20/share/em_armgcc/bin/../lib/gcc/arm-none-eabi/4.7.3/armv7e-m/fpu\libgcc.a(_arm_truncdfsf2.o)
                              obj\debug\src\main.o (__aeabi_d2f)
d:/emblocks/2.20/share/em_armgcc/bin/../lib/gcc/arm-none-eabi/4.7.3/../../../../arm-none-eabi/lib/armv7e-m/fpu\libc_n.a(lib_a-__atexit2.o)
                              d:/emblocks/2.20/share/em_armgcc/bin/../lib/gcc/arm-none-eabi/4.7.3/../../../../arm-none-eabi/lib/armv7e-m/fpu/crt0.o (__register_exitproc)
d:/emblocks/2.20/share/em_armgcc/bin/../lib/gcc/arm-none-eabi/4.7.3/../../../../arm-none-eabi/lib/armv7e-m/fpu\libc_n.a(lib_a-errno.o)
                              d:/emblocks/2.20/share/em_armgcc/bin/../lib/gcc/arm-none-eabi/4.7.3/../../../../arm-none-eabi/lib/armv7e-m/fpu\libm.a(lib_a-w_sqrt.o) (__errno)
d:/emblocks/2.20/share/em_armgcc/bin/../lib/gcc/arm-none-eabi/4.7.3/../../../../arm-none-eabi/lib/armv7e-m/fpu\libc_n.a(lib_a-exit.o)
                              d:/emblocks/2.20/share/em_armgcc/bin/../lib/gcc/arm-none-eabi/4.7.3/../../../../arm-none-eabi/lib/armv7e-m/fpu/crt0.o (exit)
d:/emblocks/2.20/share/em_armgcc/bin/../lib/gcc/arm-none-eabi/4.7.3/../../../../arm-none-eabi/lib/armv7e-m/fpu\libc_n.a(lib_a-fini.o)
[...]
Memory Configuration

Name             Origin             Length             Attributes
ROM              0x08000000         0x00100000         xr
RAM              0x20000000         0x00020000         xrw
CCRAM            0x10000000         0x00010000         xrw
*default*        0x00000000         0xffffffff

Linker script and memory map

LOAD d:/emblocks/2.20/share/em_armgcc/bin/../lib/gcc/arm-none-eabi/4.7.3/armv7e-m/fpu/crti.o
LOAD d:/emblocks/2.20/share/em_armgcc/bin/../lib/gcc/arm-none-eabi/4.7.3/armv7e-m/fpu/crtbegin.o
LOAD d:/emblocks/2.20/share/em_armgcc/bin/../lib/gcc/arm-none-eabi/4.7.3/../../../../arm-none-eabi/lib/armv7e-m/fpu/crt0.o
                0x00000000                __HEAP_SIZE = 0x0
                0x00000100                __STACK_SIZE = 0x100

.text           0x08000000     0x41d8
 *(.isr_vector)
 .isr_vector    0x08000000      0x188 obj\debug\src\startup_stm32f4xx.o
                0x08000000                __isr_vector
 *(.text*)
 .text          0x08000188       0x54 d:/emblocks/2.20/share/em_armgcc/bin/../lib/gcc/arm-none-eabi/4.7.3/armv7e-m/fpu/crtbegin.o
 .text          0x080001dc       0x70 d:/emblocks/2.20/share/em_armgcc/bin/../lib/gcc/arm-none-eabi/4.7.3/../../../../arm-none-eabi/lib/armv7e-m/fpu/crt0.o
                0x080001dc                _start
                0x080001dc                start
                0x080001dc                _mainCRTStartup
 .text.GPIO_Init
                0x0800024c      0x144 obj\debug\spl\src\stm32f4xx_gpio.o
                0x0800024c                GPIO_Init
 .text.GPIO_SetBits
                0x08000390       0x1c obj\debug\spl\src\stm32f4xx_gpio.o
                0x08000390                GPIO_SetBits
 .text.GPIO_ResetBits
                0x080003ac       0x1c obj\debug\spl\src\stm32f4xx_gpio.o
                0x080003ac                GPIO_ResetBits
 .text.GPIO_ToggleBits
                0x080003c8       0x24 obj\debug\spl\src\stm32f4xx_gpio.o
                0x080003c8                GPIO_ToggleBits
 .text.GPIO_PinAFConfig
                0x080003ec       0xa8 obj\debug\spl\src\stm32f4xx_gpio.o
                0x080003ec                GPIO_PinAFConfig
 .text.I2C_DeInit
                0x08000494       0x88 obj\debug\spl\src\stm32f4xx_i2c.o
                0x08000494                I2C_DeInit
 .text.I2C_Init
                0x0800051c      0x1ac obj\debug\spl\src\stm32f4xx_i2c.o
                0x0800051c                I2C_Init
 .text.I2C_Cmd  0x080006c8       0x40 obj\debug\spl\src\stm32f4xx_i2c.o
                0x080006c8                I2C_Cmd
 .text.I2C_GenerateSTART
                0x08000708       0x40 obj\debug\spl\src\stm32f4xx_i2c.o
                0x08000708                I2C_GenerateSTART
 .text.I2C_GenerateSTOP
                0x08000748       0x40 obj\debug\spl\src\stm32f4xx_i2c.o
                0x08000748                I2C_GenerateSTOP
 .text.I2C_Send7bitAddress
                0x08000788       0x3c obj\debug\spl\src\stm32f4xx_i2c.o
                0x08000788                I2C_Send7bitAddress
 .text.I2C_AcknowledgeConfig
                0x080007c4       0x40 obj\debug\spl\src\stm32f4xx_i2c.o
                0x080007c4                I2C_AcknowledgeConfig
 .text.I2C_SendData
                0x08000804       0x20 obj\debug\spl\src\stm32f4xx_i2c.o
                0x08000804                I2C_SendData
 .text.I2C_ReceiveData
                0x08000824       0x1c obj\debug\spl\src\stm32f4xx_i2c.o
                0x08000824                I2C_ReceiveData
 .text.I2C_CheckEvent
                0x08000840       0x70 obj\debug\spl\src\stm32f4xx_i2c.o
                0x08000840                I2C_CheckEvent
 .text.I2C_GetFlagStatus
                0x080008b0       0x78 obj\debug\spl\src\stm32f4xx_i2c.o
                0x080008b0                I2C_GetFlagStatus
 .text.RCC_GetClocksFreq
                0x08000928      0x1cc obj\debug\spl\src\stm32f4xx_rcc.o
                0x08000928                RCC_GetClocksFreq
 .text.RCC_AHB1PeriphClockCmd
                0x08000af4       0x54 obj\debug\spl\src\stm32f4xx_rcc.o
                0x08000af4                RCC_AHB1PeriphClockCmd
 .text.RCC_APB1PeriphClockCmd
                0x08000b48       0x54 obj\debug\spl\src\stm32f4xx_rcc.o
                0x08000b48                RCC_APB1PeriphClockCmd
 .text.RCC_APB1PeriphResetCmd
                0x08000b9c       0x54 obj\debug\spl\src\stm32f4xx_rcc.o
                0x08000b9c                RCC_APB1PeriphResetCmd
 .text.USART_Init
                0x08000bf0      0x1ac obj\debug\spl\src\stm32f4xx_usart.o
                0x08000bf0                USART_Init
 .text.USART_Cmd
                0x08000d9c       0x40 obj\debug\spl\src\stm32f4xx_usart.o
                0x08000d9c                USART_Cmd
 .text.USART_SendData
                0x08000ddc       0x28 obj\debug\spl\src\stm32f4xx_usart.o
                0x08000ddc                USART_SendData
 .text.NVIC_EnableIRQ
                0x08000e04       0x38 obj\debug\src\mpu6050.o
 .text.NVIC_DisableIRQ
                0x08000e3c       0x3c obj\debug\src\mpu6050.o
 .text.MPU6050_Initialize
                0x08000e78       0x28 obj\debug\src\mpu6050.o
                0x08000e78                MPU6050_Initialize
 .text.MPU6050_TestConnection
                0x08000ea0       0x1c obj\debug\src\mpu6050.o
                0x08000ea0                MPU6050_TestConnection
 .text.MPU6050_GetDeviceID
                0x08000ebc       0x2c obj\debug\src\mpu6050.o
                0x08000ebc                MPU6050_GetDeviceID
 .text.MPU6050_SetClockSource
                0x08000ee8       0x2c obj\debug\src\mpu6050.o
                0x08000ee8                MPU6050_SetClockSource
 .text.MPU6050_SetFullScaleGyroRange
                0x08000f14       0x2c obj\debug\src\mpu6050.o
                0x08000f14                MPU6050_SetFullScaleGyroRange
 .text.MPU6050_SetFullScaleAccelRange
                0x08000f40       0x2c obj\debug\src\mpu6050.o
                0x08000f40                MPU6050_SetFullScaleAccelRange
 .text.MPU6050_SetSleepModeStatus
                0x08000f6c       0x24 obj\debug\src\mpu6050.o
                0x08000f6c                MPU6050_SetSleepModeStatus
 .text.MPU6050_WriteBits
                0x08000f90       0x94 obj\debug\src\mpu6050.o
                0x08000f90                MPU6050_WriteBits
 .text.MPU6050_WriteBit
                0x08001024       0x7c obj\debug\src\mpu6050.o
                0x08001024                MPU6050_WriteBit
 .text.MPU6050_ReadBits
                0x080010a0       0x70 obj\debug\src\mpu6050.o
                0x080010a0                MPU6050_ReadBits
 .text.MPU6050_I2C_Init
                0x08001110       0xd4 obj\debug\src\mpu6050.o
                0x08001110                MPU6050_I2C_Init
 .text.MPU6050_I2C_ByteWrite
                0x080011e4       0xe0 obj\debug\src\mpu6050.o
                0x080011e4                MPU6050_I2C_ByteWrite
 .text.MPU6050_I2C_BufferRead
                0x080012c4      0x1cc obj\debug\src\mpu6050.o
                0x080012c4                MPU6050_I2C_BufferRead
 .text.NVIC_DisableIRQ
                0x08001490       0x3c obj\debug\src\main.o
 .text.NVIC_SetPriority
                0x080014cc       0x5c obj\debug\src\main.o
 .text.SysTick_Config
                0x08001528       0x64 obj\debug\src\main.o
 .text.SysTick_Handler
                0x0800158c       0x38 obj\debug\src\main.o
                0x0800158c                SysTick_Handler
 .text._delay   0x080015c4       0x24 obj\debug\src\main.o
                0x080015c4                _delay
 .text.USART_puts
                0x080015e8       0x48 obj\debug\src\main.o
                0x080015e8                USART_puts
 .text.init_usart
                0x08001630       0xb0 obj\debug\src\main.o
                0x08001630                init_usart
 .text.initGPIO
                0x080016e0       0x48 obj\debug\src\main.o
                0x080016e0                initGPIO
 .text.AccelOku
                0x08001728       0x80 obj\debug\src\main.o
                0x08001728                AccelOku
 .text.GyroOku  0x080017a8       0x80 obj\debug\src\main.o
                0x080017a8                GyroOku
 .text.MagnetOku
                0x08001828       0xc8 obj\debug\src\main.o
                0x08001828                MagnetOku
 .text.ThermoOku
                0x080018f0       0xe0 obj\debug\src\main.o
                0x080018f0                ThermoOku
 .text.EulerHesapla
                0x080019d0      0x1a8 obj\debug\src\main.o
                0x080019d0                EulerHesapla
 .text.EsasOlcu
                0x08001b78       0x64 obj\debug\src\main.o
                0x08001b78                EsasOlcu
 .text.MPU9150_setupCompass
                0x08001bdc       0x88 obj\debug\src\main.o
                0x08001bdc                MPU9150_setupCompass
 .text.MPU9150_writeSensor
                0x08001c64       0x6c obj\debug\src\main.o
                0x08001c64                MPU9150_writeSensor
 .text.Timer7Init
                0x08001cd0       0x84 obj\debug\src\main.o
                0x08001cd0                Timer7Init
 .text.TIM7_IRQHandler
                0x08001d54       0x50 obj\debug\src\main.o
                0x08001d54                TIM7_IRQHandler
 .text.I2C_Kilitlenmesi
                0x08001da4       0x5c obj\debug\src\main.o
                0x08001da4                I2C_Kilitlenmesi
 .text.main     0x08001e00      0x370 obj\debug\src\main.o
                0x08001e00                main
 .text          0x08002170      0x110 obj\debug\src\startup_stm32f4xx.o
                0x08002170                Reset_Handler
                0x080021be                NMI_Handler
                0x080021c0                HardFault_Handler
                0x080021c2                MemManage_Handler
                0x080021c4                BusFault_Handler
                0x080021c6                UsageFault_Handler
                0x080021c8                SVC_Handler
                0x080021ca                DebugMon_Handler
                0x080021cc                PendSV_Handler
                0x080021d0                Default_Handler
                0x080021d2                WWDG_IRQHandler
                0x080021d4                PVD_IRQHandler
                0x080021d6                TAMP_STAMP_IRQHandler
                0x080021d8                RTC_WKUP_IRQHandler
                0x080021da                FLASH_IRQHandler
                0x080021dc                RCC_IRQHandler
                0x080021de                EXTI0_IRQHandler
                0x080021e0                EXTI1_IRQHandler
                0x080021e2                EXTI2_IRQHandler
                0x080021e4                EXTI3_IRQHandler
                0x080021e6                EXTI4_IRQHandler
                0x080021e8                DMA1_Stream0_IRQHandler
                0x080021ea                DMA1_Stream1_IRQHandler
                0x080021ec                DMA1_Stream2_IRQHandler
                0x080021ee                DMA1_Stream3_IRQHandler
                0x080021f0                DMA1_Stream4_IRQHandler
                0x080021f2                DMA1_Stream5_IRQHandler
                0x080021f4                DMA1_Stream6_IRQHandler
                0x080021f6                ADC_IRQHandler
                0x080021f8                CAN1_TX_IRQHandler
                0x080021fa                CAN1_RX0_IRQHandler
                0x080021fc                CAN1_RX1_IRQHandler
                0x080021fe                CAN1_SCE_IRQHandler
                0x08002200                EXTI9_5_IRQHandler
                0x08002202                TIM1_BRK_TIM9_IRQHandler
                0x08002204                TIM1_UP_TIM10_IRQHandler
                0x08002206                TIM1_TRG_COM_TIM11_IRQHandler
                0x08002208                TIM1_CC_IRQHandler
                0x0800220a                TIM2_IRQHandler
                0x0800220c                TIM3_IRQHandler
                0x0800220e                TIM4_IRQHandler
                0x08002210                I2C1_EV_IRQHandler
                0x08002212                I2C1_ER_IRQHandler
                0x08002214                I2C2_EV_IRQHandler
                0x08002216                I2C2_ER_IRQHandler
                0x08002218                SPI1_IRQHandler
                0x0800221a                SPI2_IRQHandler
                0x0800221c                USART1_IRQHandler
                0x0800221e                USART2_IRQHandler
                0x08002220                USART3_IRQHandler
                0x08002222                EXTI15_10_IRQHandler
                0x08002224                RTC_Alarm_IRQHandler
                0x08002226                OTG_FS_WKUP_IRQHandler
                0x08002228                TIM8_BRK_TIM12_IRQHandler
                0x0800222a                TIM8_UP_TIM13_IRQHandler
                0x0800222c                TIM8_TRG_COM_TIM14_IRQHandler
                0x0800222e                TIM8_CC_IRQHandler
                0x08002230                DMA1_Stream7_IRQHandler
                0x08002232                FSMC_IRQHandler
                0x08002234                SDIO_IRQHandler
                0x08002236                TIM5_IRQHandler
                0x08002238                SPI3_IRQHandler
                0x0800223a                UART4_IRQHandler
                0x0800223c                UART5_IRQHandler
                0x0800223e                TIM6_DAC_IRQHandler
                0x08002242                DMA2_Stream0_IRQHandler
                0x08002244                DMA2_Stream1_IRQHandler
                0x08002246                DMA2_Stream2_IRQHandler
                0x08002248                DMA2_Stream3_IRQHandler
                0x0800224a                DMA2_Stream4_IRQHandler
                0x0800224c                ETH_IRQHandler
                0x0800224e                ETH_WKUP_IRQHandler
                0x08002250                CAN2_TX_IRQHandler
                0x08002252                CAN2_RX0_IRQHandler
                0x08002254                CAN2_RX1_IRQHandler
                0x08002256                CAN2_SCE_IRQHandler
                0x08002258                OTG_FS_IRQHandler
                0x0800225a                DMA2_Stream5_IRQHandler
                0x0800225c                DMA2_Stream6_IRQHandler
                0x0800225e                DMA2_Stream7_IRQHandler
                0x08002260                USART6_IRQHandler
                0x08002262                I2C3_EV_IRQHandler
                0x08002264                I2C3_ER_IRQHandler
                0x08002266                OTG_HS_EP1_OUT_IRQHandler
                0x08002268                OTG_HS_EP1_IN_IRQHandler
                0x0800226a                OTG_HS_WKUP_IRQHandler
                0x0800226c                OTG_HS_IRQHandler
                0x0800226e                DCMI_IRQHandler
                0x08002270                CRYP_IRQHandler
                0x08002272                HASH_RNG_IRQHandler
                0x08002274                FPU_IRQHandler
 .text.SystemInit
                0x08002280       0xb0 obj\debug\src\system_stm32f4xx.o
                0x08002280                SystemInit
 .text.SetSysClock
                0x08002330      0x188 obj\debug\src\system_stm32f4xx.o
 .text.atan     0x080024b8      0x3a0 d:/emblocks/2.20/share/em_armgcc/bin/../lib/gcc/arm-none-eabi/4.7.3/../../../../arm-none-eabi/lib/armv7e-m/fpu\libm.a(lib_a-s_atan.o)
                0x080024b8                atan
 .text.fabs     0x08002858       0x14 d:/emblocks/2.20/share/em_armgcc/bin/../lib/gcc/arm-none-eabi/4.7.3/../../../../arm-none-eabi/lib/armv7e-m/fpu\libm.a(lib_a-s_fabs.o)
                0x08002858                fabs
 .text.round    0x0800286c       0xa4 d:/emblocks/2.20/share/em_armgcc/bin/../lib/gcc/arm-none-eabi/4.7.3/../../../../arm-none-eabi/lib/armv7e-m/fpu\libm.a(lib_a-s_round.o)
                0x0800286c                round
 .text.atan2    0x08002910        0x4 d:/emblocks/2.20/share/em_armgcc/bin/../lib/gcc/arm-none-eabi/4.7.3/../../../../arm-none-eabi/lib/armv7e-m/fpu\libm.a(lib_a-w_atan2.o)
                0x08002910                atan2
 .text.sqrt     0x08002914       0xb8 d:/emblocks/2.20/share/em_armgcc/bin/../lib/gcc/arm-none-eabi/4.7.3/../../../../arm-none-eabi/lib/armv7e-m/fpu\libm.a(lib_a-w_sqrt.o)
                0x08002914                sqrt
 *fill*         0x080029cc        0x4 
 .text.__ieee754_atan2
                0x080029d0      0x210 d:/emblocks/2.20/share/em_armgcc/bin/../lib/gcc/arm-none-eabi/4.7.3/../../../../arm-none-eabi/lib/armv7e-m/fpu\libm.a(lib_a-e_atan2.o)
                0x080029d0                __ieee754_atan2
 .text.__ieee754_sqrt
                0x08002be0      0x19c d:/emblocks/2.20/share/em_armgcc/bin/../lib/gcc/arm-none-eabi/4.7.3/../../../../arm-none-eabi/lib/armv7e-m/fpu\libm.a(lib_a-e_sqrt.o)
                0x08002be0                __ieee754_sqrt
 .text.__fpclassifyd
                0x08002d7c       0x54 d:/emblocks/2.20/share/em_armgcc/bin/../lib/gcc/arm-none-eabi/4.7.3/../../../../arm-none-eabi/lib/armv7e-m/fpu\libm.a(lib_a-s_fpclassify.o)
                0x08002d7c                __fpclassifyd
 .text.matherr  0x08002dd0        0x4 d:/emblocks/2.20/share/em_armgcc/bin/../lib/gcc/arm-none-eabi/4.7.3/../../../../arm-none-eabi/lib/armv7e-m/fpu\libm.a(lib_a-s_matherr.o)
                0x08002dd0                matherr
 .text          0x08002dd4      0x370 d:/emblocks/2.20/share/em_armgcc/bin/../lib/gcc/arm-none-eabi/4.7.3/armv7e-m/fpu\libgcc.a(_arm_addsubdf3.o)
                0x08002dd4                __aeabi_drsub
                0x08002ddc                __aeabi_dsub
                0x08002ddc                __subdf3
                0x08002de0                __aeabi_dadd
                0x08002de0                __adddf3
                0x08003058                __floatunsidf
                0x08003058                __aeabi_ui2d
                0x08003078                __floatsidf
                0x08003078                __aeabi_i2d
                0x0800309c                __aeabi_f2d
                0x0800309c                __extendsfdf2
                0x080030d8                __floatundidf
                0x080030d8                __aeabi_ul2d
                0x080030e8                __floatdidf
                0x080030e8                __aeabi_l2d
 .text          0x08003144      0x424 d:/emblocks/2.20/share/em_armgcc/bin/../lib/gcc/arm-none-eabi/4.7.3/armv7e-m/fpu\libgcc.a(_arm_muldivdf3.o)
                0x08003144                __aeabi_dmul
                0x08003144                __muldf3
                0x08003398                __divdf3
                0x08003398                __aeabi_ddiv
 .text          0x08003568      0x110 d:/emblocks/2.20/share/em_armgcc/bin/../lib/gcc/arm-none-eabi/4.7.3/armv7e-m/fpu\libgcc.a(_arm_cmpdf2.o)
                0x08003568                __gtdf2
                0x08003568                __gedf2
                0x08003570                __ltdf2
                0x08003570                __ledf2
                0x08003578                __nedf2
                0x08003578                __eqdf2
                0x08003578                __cmpdf2
                0x080035f4                __aeabi_cdrcmple
                0x08003604                __aeabi_cdcmpeq
                0x08003604                __aeabi_cdcmple
                0x08003614                __aeabi_dcmpeq
                0x08003628                __aeabi_dcmplt
                0x0800363c                __aeabi_dcmple
                0x08003650                __aeabi_dcmpge
                0x08003664                __aeabi_dcmpgt
 .text          0x08003678       0x50 d:/emblocks/2.20/share/em_armgcc/bin/../lib/gcc/arm-none-eabi/4.7.3/armv7e-m/fpu\libgcc.a(_arm_fixdfsi.o)
                0x08003678                __aeabi_d2iz
                0x08003678                __fixdfsi
 .text          0x080036c8       0xa0 d:/emblocks/2.20/share/em_armgcc/bin/../lib/gcc/arm-none-eabi/4.7.3/armv7e-m/fpu\libgcc.a(_arm_truncdfsf2.o)
                0x080036c8                __truncdfsf2
                0x080036c8                __aeabi_d2f
 .text.__register_exitproc
                0x08003768       0x14 d:/emblocks/2.20/share/em_armgcc/bin/../lib/gcc/arm-none-eabi/4.7.3/../../../../arm-none-eabi/lib/armv7e-m/fpu\libc_n.a(lib_a-__atexit2.o)
                0x08003768                __register_exitproc
 .text.__errno  0x0800377c        0xc d:/emblocks/2.20/share/em_armgcc/bin/../lib/gcc/arm-none-eabi/4.7.3/../../../../arm-none-eabi/lib/armv7e-m/fpu\libc_n.a(lib_a-errno.o)
                0x0800377c                __errno
 .text.exit     0x08003788       0x2c d:/emblocks/2.20/share/em_armgcc/bin/../lib/gcc/arm-none-eabi/4.7.3/../../../../arm-none-eabi/lib/armv7e-m/fpu\libc_n.a(lib_a-exit.o)
                0x08003788                exit
 .text.__libc_fini_array
                0x080037b4       0x30 d:/emblocks/2.20/share/em_armgcc/bin/../lib/gcc/arm-none-eabi/4.7.3/../../../../arm-none-eabi/lib/armv7e-m/fpu\libc_n.a(lib_a-fini.o)
                0x080037b4                __libc_fini_array
 .text.__libc_init_array
                0x080037e4       0x4c d:/emblocks/2.20/share/em_armgcc/bin/../lib/gcc/arm-none-eabi/4.7.3/../../../../arm-none-eabi/lib/armv7e-m/fpu\libc_n.a(lib_a-init.o)
                0x080037e4                __libc_init_array
 .text.memset   0x08003830       0x10 d:/emblocks/2.20/share/em_armgcc/bin/../lib/gcc/arm-none-eabi/4.7.3/../../../../arm-none-eabi/lib/armv7e-m/fpu\libc_n.a(lib_a-memset.o)
                0x08003830                memset
 .text.sprintf  0x08003840       0x48 d:/emblocks/2.20/share/em_armgcc/bin/../lib/gcc/arm-none-eabi/4.7.3/../../../../arm-none-eabi/lib/armv7e-m/fpu\libc_n.a(lib_a-sprintf.o)
                0x08003840                siprintf
                0x08003840                sprintf
 .text.__ssputc_r
                0x08003888       0xb4 d:/emblocks/2.20/share/em_armgcc/bin/../lib/gcc/arm-none-eabi/4.7.3/../../../../arm-none-eabi/lib/armv7e-m/fpu\libc_n.a(lib_a-svfprintf.o)
                0x08003888                __ssputc_r
 .text._svfprintf_r
                0x0800393c      0x1fc d:/emblocks/2.20/share/em_armgcc/bin/../lib/gcc/arm-none-eabi/4.7.3/../../../../arm-none-eabi/lib/armv7e-m/fpu\libc_n.a(lib_a-svfprintf.o)
                0x0800393c                _svfiprintf_r
                0x0800393c                _svfprintf_r
 .text._printf_common
                0x08003b38       0xde d:/emblocks/2.20/share/em_armgcc/bin/../lib/gcc/arm-none-eabi/4.7.3/../../../../arm-none-eabi/lib/armv7e-m/fpu\libc_n.a(lib_a-vfprintf_i.o)
                0x08003b38                _printf_common
 *fill*         0x08003c16        0x2 
 .text._printf_i
                0x08003c18      0x24c d:/emblocks/2.20/share/em_armgcc/bin/../lib/gcc/arm-none-eabi/4.7.3/../../../../arm-none-eabi/lib/armv7e-m/fpu\libc_n.a(lib_a-vfprintf_i.o)
                0x08003c18                _printf_i
 .text._free_r  0x08003e64       0x84 d:/emblocks/2.20/share/em_armgcc/bin/../lib/gcc/arm-none-eabi/4.7.3/../../../../arm-none-eabi/lib/armv7e-m/fpu\libc_n.a(lib_a-freer.o)
                0x08003e64                _free_r
 .text._malloc_r
                0x08003ee8       0x9c d:/emblocks/2.20/share/em_armgcc/bin/../lib/gcc/arm-none-eabi/4.7.3/../../../../arm-none-eabi/lib/armv7e-m/fpu\libc_n.a(lib_a-mallocr.o)
                0x08003ee8                _malloc_r
 .text.memchr   0x08003f84       0x1c d:/emblocks/2.20/share/em_armgcc/bin/../lib/gcc/arm-none-eabi/4.7.3/../../../../arm-none-eabi/lib/armv7e-m/fpu\libc_n.a(lib_a-memchr.o)
                0x08003f84                memchr
 .text.memcpy   0x08003fa0       0x12 d:/emblocks/2.20/share/em_armgcc/bin/../lib/gcc/arm-none-eabi/4.7.3/../../../../arm-none-eabi/lib/armv7e-m/fpu\libc_n.a(lib_a-memcpy.o)
                0x08003fa0                memcpy
 .text._realloc_r
                0x08003fb2       0x48 d:/emblocks/2.20/share/em_armgcc/bin/../lib/gcc/arm-none-eabi/4.7.3/../../../../arm-none-eabi/lib/armv7e-m/fpu\libc_n.a(lib_a-reallocr.o)
                0x08003fb2                _realloc_r
 *fill*         0x08003ffa        0x2 
 .text._sbrk_r  0x08003ffc       0x20 d:/emblocks/2.20/share/em_armgcc/bin/../lib/gcc/arm-none-eabi/4.7.3/../../../../arm-none-eabi/lib/armv7e-m/fpu\libc_n.a(lib_a-sbrkr.o)
                0x08003ffc                _sbrk_r
 .text.strlen   0x0800401c       0x10 d:/emblocks/2.20/share/em_armgcc/bin/../lib/gcc/arm-none-eabi/4.7.3/../../../../arm-none-eabi/lib/armv7e-m/fpu\libc_n.a(lib_a-strlen.o)
                0x0800401c                strlen
 .text._malloc_usable_size_r
                0x0800402c       0x12 d:/emblocks/2.20/share/em_armgcc/bin/../lib/gcc/arm-none-eabi/4.7.3/../../../../arm-none-eabi/lib/armv7e-m/fpu\libc_n.a(lib_a-msizer.o)
                0x0800402c                _malloc_usable_size_r
 *fill*         0x0800403e        0x2 
 .text._sbrk    0x08004040       0x20 d:/emblocks/2.20/share/em_armgcc/bin/../lib/gcc/arm-none-eabi/4.7.3/../../../../arm-none-eabi/lib/armv7e-m/fpu\libnosys.a(sbrk.o)
                0x08004040                _sbrk
 .text._exit    0x08004060        0x4 d:/emblocks/2.20/share/em_armgcc/bin/../lib/gcc/arm-none-eabi/4.7.3/../../../../arm-none-eabi/lib/armv7e-m/fpu\libnosys.a(_exit.o)
                0x08004060                _exit
 *(.init)
 .init          0x08004064        0x4 d:/emblocks/2.20/share/em_armgcc/bin/../lib/gcc/arm-none-eabi/4.7.3/armv7e-m/fpu/crti.o
                0x08004064                _init
 .init          0x08004068        0x8 d:/emblocks/2.20/share/em_armgcc/bin/../lib/gcc/arm-none-eabi/4.7.3/armv7e-m/fpu/crtn.o
 *(.fini)
 .fini          0x08004070        0x4 d:/emblocks/2.20/share/em_armgcc/bin/../lib/gcc/arm-none-eabi/4.7.3/armv7e-m/fpu/crti.o
                0x08004070                _fini
 .fini          0x08004074        0x8 d:/emblocks/2.20/share/em_armgcc/bin/../lib/gcc/arm-none-eabi/4.7.3/armv7e-m/fpu/crtn.o
 *crtbegin.o(.ctors)
 *crtbegin?.o(.ctors)
 *(EXCLUDE_FILE(*crtend.o *crtend?.o) .ctors)
 *(SORT(.ctors.*))
 *(.ctors)
 *crtbegin.o(.dtors)
 *crtbegin?.o(.dtors)
 *(EXCLUDE_FILE(*crtend.o *crtend?.o) .dtors)
 *(SORT(.dtors.*))
 *(.dtors)
 *(.rodata*)
 .rodata        0x0800407c       0xd0 obj\debug\src\main.o
 *fill*         0x0800414c        0x4 
 .rodata.atanlo
                0x08004150       0x20 d:/emblocks/2.20/share/em_armgcc/bin/../lib/gcc/arm-none-eabi/4.7.3/../../../../arm-none-eabi/lib/armv7e-m/fpu\libm.a(lib_a-s_atan.o)
 .rodata.atanhi
                0x08004170       0x20 d:/emblocks/2.20/share/em_armgcc/bin/../lib/gcc/arm-none-eabi/4.7.3/../../../../arm-none-eabi/lib/armv7e-m/fpu\libm.a(lib_a-s_atan.o)
 .rodata.str1.4
                0x08004190        0x8 d:/emblocks/2.20/share/em_armgcc/bin/../lib/gcc/arm-none-eabi/4.7.3/../../../../arm-none-eabi/lib/armv7e-m/fpu\libm.a(lib_a-w_sqrt.o)
 .rodata.str1.1
                0x08004198        0x2 d:/emblocks/2.20/share/em_armgcc/bin/../lib/gcc/arm-none-eabi/4.7.3/../../../../arm-none-eabi/lib/armv7e-m/fpu\libc_n.a(lib_a-impure.o)
 *fill*         0x0800419a        0x2 
 .rodata._global_impure_ptr
                0x0800419c        0x4 d:/emblocks/2.20/share/em_armgcc/bin/../lib/gcc/arm-none-eabi/4.7.3/../../../../arm-none-eabi/lib/armv7e-m/fpu\libc_n.a(lib_a-impure.o)
                0x0800419c                _global_impure_ptr
 .rodata.str1.1
                0x080041a0       0x11 d:/emblocks/2.20/share/em_armgcc/bin/../lib/gcc/arm-none-eabi/4.7.3/../../../../arm-none-eabi/lib/armv7e-m/fpu\libc_n.a(lib_a-svfprintf.o)
 .rodata.str1.1
                0x080041b1       0x22 d:/emblocks/2.20/share/em_armgcc/bin/../lib/gcc/arm-none-eabi/4.7.3/../../../../arm-none-eabi/lib/armv7e-m/fpu\libc_n.a(lib_a-vfprintf_i.o)
 *(.eh_frame*)
 *fill*         0x080041d3        0x1 
 .eh_frame      0x080041d4        0x0 d:/emblocks/2.20/share/em_armgcc/bin/../lib/gcc/arm-none-eabi/4.7.3/armv7e-m/fpu/crtbegin.o
 .eh_frame      0x080041d4        0x4 d:/emblocks/2.20/share/em_armgcc/bin/../lib/gcc/arm-none-eabi/4.7.3/armv7e-m/fpu/crtend.o

.glue_7         0x080041d8        0x0
 .glue_7        0x00000000        0x0 linker stubs

.glue_7t        0x080041d8        0x0
 .glue_7t       0x00000000        0x0 linker stubs

.vfp11_veneer   0x080041d8        0x0
 .vfp11_veneer  0x00000000        0x0 linker stubs

.v4_bx          0x080041d8        0x0
 .v4_bx         0x00000000        0x0 linker stubs

.iplt           0x080041d8        0x0
 .iplt          0x00000000        0x0 d:/emblocks/2.20/share/em_armgcc/bin/../lib/gcc/arm-none-eabi/4.7.3/armv7e-m/fpu/crtbegin.o

.ARM.extab
 *(.ARM.extab* .gnu.linkonce.armextab.*)
                0x080041d8                __exidx_start = .

.ARM.exidx      0x080041d8        0x8
 *(.ARM.exidx* .gnu.linkonce.armexidx.*)
 .ARM.exidx     0x080041d8        0x8 d:/emblocks/2.20/share/em_armgcc/bin/../lib/gcc/arm-none-eabi/4.7.3/../../../../arm-none-eabi/lib/armv7e-m/fpu/crt0.o
                0x080041e0                __exidx_end = .
                0x080041e0                __etext = .

.rel.dyn        0x080041e0        0x0
 .rel.iplt      0x00000000        0x0 d:/emblocks/2.20/share/em_armgcc/bin/../lib/gcc/arm-none-eabi/4.7.3/armv7e-m/fpu/crtbegin.o

.data           0x20000000       0x8c load address 0x080041e0
                0x20000000                __data_start__ = .
 *(vtable)
 *(.data*)
 .data.APBAHBPrescTable
                0x20000000       0x10 obj\debug\spl\src\stm32f4xx_rcc.o
 .data.i2c_adresi
                0x20000010        0x1 obj\debug\src\main.o
                0x20000010                i2c_adresi
 *fill*         0x20000011        0x3 
 .data.SystemCoreClock
                0x20000014        0x4 obj\debug\src\system_stm32f4xx.o
                0x20000014                SystemCoreClock
 .data.__fdlib_version
                0x20000018        0x1 d:/emblocks/2.20/share/em_armgcc/bin/../lib/gcc/arm-none-eabi/4.7.3/../../../../arm-none-eabi/lib/armv7e-m/fpu\libm.a(lib_a-s_lib_ver.o)
                0x20000018                __fdlib_version
 *fill*         0x20000019        0x3 
 .data.impure_data
                0x2000001c       0x64 d:/emblocks/2.20/share/em_armgcc/bin/../lib/gcc/arm-none-eabi/4.7.3/../../../../arm-none-eabi/lib/armv7e-m/fpu\libc_n.a(lib_a-impure.o)
 .data._impure_ptr
                0x20000080        0x4 d:/emblocks/2.20/share/em_armgcc/bin/../lib/gcc/arm-none-eabi/4.7.3/../../../../arm-none-eabi/lib/armv7e-m/fpu\libc_n.a(lib_a-impure.o)
                0x20000080                _impure_ptr
                0x20000084                . = ALIGN (0x4)
                0x20000084                PROVIDE (__preinit_array_start, .)
 *(.preinit_array)
                0x20000084                PROVIDE (__preinit_array_end, .)
                0x20000084                . = ALIGN (0x4)
                0x20000084                PROVIDE (__init_array_start, .)
 *(SORT(.init_array.*))
 *(.init_array)
 .init_array    0x20000084        0x4 d:/emblocks/2.20/share/em_armgcc/bin/../lib/gcc/arm-none-eabi/4.7.3/armv7e-m/fpu/crtbegin.o
                0x20000088                PROVIDE (__init_array_end, .)
                0x20000088                . = ALIGN (0x4)
                0x20000088                PROVIDE (__fini_array_start, .)
 *(SORT(.fini_array.*))
 *(.fini_array)
 .fini_array    0x20000088        0x4 d:/emblocks/2.20/share/em_armgcc/bin/../lib/gcc/arm-none-eabi/4.7.3/armv7e-m/fpu/crtbegin.o
                0x2000008c                PROVIDE (__fini_array_end, .)
                0x2000008c                . = ALIGN (0x4)
                0x2000008c                __data_end__ = .

.jcr            0x2000008c        0x0 load address 0x0800426c
 .jcr           0x2000008c        0x0 d:/emblocks/2.20/share/em_armgcc/bin/../lib/gcc/arm-none-eabi/4.7.3/armv7e-m/fpu/crtbegin.o

.igot.plt       0x2000008c        0x0 load address 0x0800426c
 .igot.plt      0x00000000        0x0 d:/emblocks/2.20/share/em_armgcc/bin/../lib/gcc/arm-none-eabi/4.7.3/armv7e-m/fpu/crtbegin.o

.bss            0x2000008c       0x70 load address 0x0800426c
                0x2000008c                __bss_start__ = .
 *(.bss*)
 .bss           0x2000008c       0x1c d:/emblocks/2.20/share/em_armgcc/bin/../lib/gcc/arm-none-eabi/4.7.3/armv7e-m/fpu/crtbegin.o
 .bss.i2c_kontrol_sayaci
                0x200000a8        0x4 obj\debug\src\main.o
                0x200000a8                i2c_kontrol_sayaci
 .bss.__malloc_free_list
                0x200000ac        0x4 d:/emblocks/2.20/share/em_armgcc/bin/../lib/gcc/arm-none-eabi/4.7.3/../../../../arm-none-eabi/lib/armv7e-m/fpu\libc_n.a(lib_a-mallocr.o)
                0x200000ac                __malloc_free_list
 .bss.heap_end.4058
                0x200000b0        0x4 d:/emblocks/2.20/share/em_armgcc/bin/../lib/gcc/arm-none-eabi/4.7.3/../../../../arm-none-eabi/lib/armv7e-m/fpu\libnosys.a(sbrk.o)
 *(COMMON)
 COMMON         0x200000b4       0x44 obj\debug\src\main.o
                0x200000b4                MyDelay
                0x200000b8                str
 COMMON         0x200000f8        0x4 d:/emblocks/2.20/share/em_armgcc/bin/../lib/gcc/arm-none-eabi/4.7.3/../../../../arm-none-eabi/lib/armv7e-m/fpu\libc_n.a(lib_a-reent.o)
                0x200000f8                errno
                0x200000fc                __bss_end__ = .

.heap           0x20000100        0x0
                0x20000100                __end__ = .
                0x20000100                end = __end__
 *(.heap*)
 .heap          0x20000100        0x0 obj\debug\src\startup_stm32f4xx.o
                0x20000100                __HeapLimit = .

.stack_dummy    0x20000100      0x100
 *(.stack)
 .stack         0x20000100      0x100 obj\debug\src\startup_stm32f4xx.o
                0x20020000                __StackTop = (ORIGIN (RAM) + 0x20000)
                0x2001ff00                __StackLimit = (__StackTop - SIZEOF (.stack_dummy))
                0x20020000                PROVIDE (__stack, __StackTop)
                0x00000001                ASSERT ((__StackLimit >= __HeapLimit), region RAM overflowed with stack)
LOAD obj\debug\spl\src\misc.o
LOAD obj\debug\spl\src\stm32f4xx_adc.o
LOAD obj\debug\spl\src\stm32f4xx_can.o
LOAD obj\debug\spl\src\stm32f4xx_crc.o
LOAD obj\debug\spl\src\stm32f4xx_cryp.o
LOAD obj\debug\spl\src\stm32f4xx_cryp_aes.o
LOAD obj\debug\spl\src\stm32f4xx_cryp_des.o
LOAD obj\debug\spl\src\stm32f4xx_cryp_tdes.o
LOAD obj\debug\spl\src\stm32f4xx_dac.o
LOAD obj\debug\spl\src\stm32f4xx_dbgmcu.o
LOAD obj\debug\spl\src\stm32f4xx_dcmi.o
LOAD obj\debug\spl\src\stm32f4xx_dma.o
LOAD obj\debug\spl\src\stm32f4xx_exti.o
LOAD obj\debug\spl\src\stm32f4xx_flash.o
LOAD obj\debug\spl\src\stm32f4xx_fsmc.o
LOAD obj\debug\spl\src\stm32f4xx_gpio.o
LOAD obj\debug\spl\src\stm32f4xx_hash.o
LOAD obj\debug\spl\src\stm32f4xx_hash_md5.o
LOAD obj\debug\spl\src\stm32f4xx_hash_sha1.o
LOAD obj\debug\spl\src\stm32f4xx_i2c.o
LOAD obj\debug\spl\src\stm32f4xx_iwdg.o
LOAD obj\debug\spl\src\stm32f4xx_pwr.o
LOAD obj\debug\spl\src\stm32f4xx_rcc.o
LOAD obj\debug\spl\src\stm32f4xx_rng.o
LOAD obj\debug\spl\src\stm32f4xx_rtc.o
LOAD obj\debug\spl\src\stm32f4xx_sdio.o
LOAD obj\debug\spl\src\stm32f4xx_spi.o
LOAD obj\debug\spl\src\stm32f4xx_syscfg.o
LOAD obj\debug\spl\src\stm32f4xx_tim.o
LOAD obj\debug\spl\src\stm32f4xx_usart.o
LOAD obj\debug\spl\src\stm32f4xx_wwdg.o
LOAD obj\debug\src\mpu6050.o
LOAD obj\debug\src\main.o
LOAD obj\debug\src\startup_stm32f4xx.o
LOAD obj\debug\src\system_stm32f4xx.o
LOAD d:/emblocks/2.20/share/em_armgcc/bin/../lib/gcc/arm-none-eabi/4.7.3/../../../../arm-none-eabi/lib/armv7e-m/fpu\libm.a
START GROUP
LOAD d:/emblocks/2.20/share/em_armgcc/bin/../lib/gcc/arm-none-eabi/4.7.3/armv7e-m/fpu\libgcc.a
LOAD d:/emblocks/2.20/share/em_armgcc/bin/../lib/gcc/arm-none-eabi/4.7.3/../../../../arm-none-eabi/lib/armv7e-m/fpu\libc_n.a
LOAD d:/emblocks/2.20/share/em_armgcc/bin/../lib/gcc/arm-none-eabi/4.7.3/../../../../arm-none-eabi/lib/armv7e-m/fpu\libg_n.a
LOAD d:/emblocks/2.20/share/em_armgcc/bin/../lib/gcc/arm-none-eabi/4.7.3/../../../../arm-none-eabi/lib/armv7e-m/fpu\libnosys.a
END GROUP
LOAD d:/emblocks/2.20/share/em_armgcc/bin/../lib/gcc/arm-none-eabi/4.7.3/armv7e-m/fpu/crtend.o
LOAD d:/emblocks/2.20/share/em_armgcc/bin/../lib/gcc/arm-none-eabi/4.7.3/armv7e-m/fpu/crtn.o
OUTPUT(bin\Debug\GokhanBeken_MPU9150.elf elf32-littlearm)

.ARM.attributes
                0x00000000       0x30
 .ARM.attributes
                0x00000000       0x22 d:/emblocks/2.20/share/em_armgcc/bin/../lib/gcc/arm-none-eabi/4.7.3/armv7e-m/fpu/crti.o
 .ARM.attributes
                0x00000022       0x34 d:/emblocks/2.20/share/em_armgcc/bin/../lib/gcc/arm-none-eabi/4.7.3/armv7e-m/fpu/crtbegin.o
 .ARM.attributes
                0x00000056       0x20 d:/emblocks/2.20/share/em_armgcc/bin/../lib/gcc/arm-none-eabi/4.7.3/../../../../arm-none-eabi/lib/armv7e-m/fpu/crt0.o
 .ARM.attributes
                0x00000076       0x39 obj\debug\spl\src\stm32f4xx_gpio.o
 .ARM.attributes
                0x000000af       0x39 obj\debug\spl\src\stm32f4xx_i2c.o
 .ARM.attributes
                0x000000e8       0x39 obj\debug\spl\src\stm32f4xx_rcc.o
 .ARM.attributes
                0x00000121       0x39 obj\debug\spl\src\stm32f4xx_usart.o
 .ARM.attributes
                0x0000015a       0x39 obj\debug\src\mpu6050.o
 .ARM.attributes
                0x00000193       0x39 obj\debug\src\main.o
 .ARM.attributes
                0x000001cc       0x1f obj\debug\src\startup_stm32f4xx.o
 .ARM.attributes
                0x000001eb       0x39 obj\debug\src\system_stm32f4xx.o
 .ARM.attributes
                0x00000224       0x34 d:/emblocks/2.20/share/em_armgcc/bin/../lib/gcc/arm-none-eabi/4.7.3/../../../../arm-none-eabi/lib/armv7e-m/fpu\libm.a(lib_a-s_atan.o)
 .ARM.attributes
                0x00000258       0x34 d:/emblocks/2.20/share/em_armgcc/bin/../lib/gcc/arm-none-eabi/4.7.3/../../../../arm-none-eabi/lib/armv7e-m/fpu\libm.a(lib_a-s_fabs.o)
 .ARM.attributes
                0x0000028c       0x34 d:/emblocks/2.20/share/em_armgcc/bin/../lib/gcc/arm-none-eabi/4.7.3/../../../../arm-none-eabi/lib/armv7e-m/fpu\libm.a(lib_a-s_round.o)
 .ARM.attributes
                0x000002c0       0x34 d:/emblocks/2.20/share/em_armgcc/bin/../lib/gcc/arm-none-eabi/4.7.3/../../../../arm-none-eabi/lib/armv7e-m/fpu\libm.a(lib_a-w_atan2.o)
 .ARM.attributes
                0x000002f4       0x34 d:/emblocks/2.20/share/em_armgcc/bin/../lib/gcc/arm-none-eabi/4.7.3/../../../../arm-none-eabi/lib/armv7e-m/fpu\libm.a(lib_a-w_sqrt.o)
 .ARM.attributes
                0x00000328       0x34 d:/emblocks/2.20/share/em_armgcc/bin/../lib/gcc/arm-none-eabi/4.7.3/../../../../arm-none-eabi/lib/armv7e-m/fpu\libm.a(lib_a-e_atan2.o)
 .ARM.attributes
                0x0000035c       0x34 d:/emblocks/2.20/share/em_armgcc/bin/../lib/gcc/arm-none-eabi/4.7.3/../../../../arm-none-eabi/lib/armv7e-m/fpu\libm.a(lib_a-e_sqrt.o)
 .ARM.attributes
                0x00000390       0x34 d:/emblocks/2.20/share/em_armgcc/bin/../lib/gcc/arm-none-eabi/4.7.3/../../../../arm-none-eabi/lib/armv7e-m/fpu\libm.a(lib_a-s_fpclassify.o)
 .ARM.attributes
                0x000003c4       0x34 d:/emblocks/2.20/share/em_armgcc/bin/../lib/gcc/arm-none-eabi/4.7.3/../../../../arm-none-eabi/lib/armv7e-m/fpu\libm.a(lib_a-s_lib_ver.o)
 .ARM.attributes
                0x000003f8       0x34 d:/emblocks/2.20/share/em_armgcc/bin/../lib/gcc/arm-none-eabi/4.7.3/../../../../arm-none-eabi/lib/armv7e-m/fpu\libm.a(lib_a-s_matherr.o)
 .ARM.attributes
                0x0000042c       0x22 d:/emblocks/2.20/share/em_armgcc/bin/../lib/gcc/arm-none-eabi/4.7.3/armv7e-m/fpu\libgcc.a(_arm_addsubdf3.o)
 .ARM.attributes
                0x0000044e       0x22 d:/emblocks/2.20/share/em_armgcc/bin/../lib/gcc/arm-none-eabi/4.7.3/armv7e-m/fpu\libgcc.a(_arm_muldivdf3.o)
 .ARM.attributes
                0x00000470       0x22 d:/emblocks/2.20/share/em_armgcc/bin/../lib/gcc/arm-none-eabi/4.7.3/armv7e-m/fpu\libgcc.a(_arm_cmpdf2.o)
 .ARM.attributes
                0x00000492       0x22 d:/emblocks/2.20/share/em_armgcc/bin/../lib/gcc/arm-none-eabi/4.7.3/armv7e-m/fpu\libgcc.a(_arm_fixdfsi.o)
 .ARM.attributes
                0x000004b4       0x22 d:/emblocks/2.20/share/em_armgcc/bin/../lib/gcc/arm-none-eabi/4.7.3/armv7e-m/fpu\libgcc.a(_arm_truncdfsf2.o)
 .ARM.attributes
                0x000004d6       0x34 d:/emblocks/2.20/share/em_armgcc/bin/../lib/gcc/arm-none-eabi/4.7.3/../../../../arm-none-eabi/lib/armv7e-m/fpu\libc_n.a(lib_a-__atexit2.o)
 .ARM.attributes
                0x0000050a       0x34 d:/emblocks/2.20/share/em_armgcc/bin/../lib/gcc/arm-none-eabi/4.7.3/../../../../arm-none-eabi/lib/armv7e-m/fpu\libc_n.a(lib_a-errno.o)
 .ARM.attributes
                0x0000053e       0x34 d:/emblocks/2.20/share/em_armgcc/bin/../lib/gcc/arm-none-eabi/4.7.3/../../../../arm-none-eabi/lib/armv7e-m/fpu\libc_n.a(lib_a-exit.o)
 .ARM.attributes
                0x00000572       0x34 d:/emblocks/2.20/share/em_armgcc/bin/../lib/gcc/arm-none-eabi/4.7.3/../../../../arm-none-eabi/lib/armv7e-m/fpu\libc_n.a(lib_a-fini.o)
 .ARM.attributes
                0x000005a6       0x34 d:/emblocks/2.20/share/em_armgcc/bin/../lib/gcc/arm-none-eabi/4.7.3/../../../../arm-none-eabi/lib/armv7e-m/fpu\libc_n.a(lib_a-impure.o)
 .ARM.attributes
                0x000005da       0x34 d:/emblocks/2.20/share/em_armgcc/bin/../lib/gcc/arm-none-eabi/4.7.3/../../../../arm-none-eabi/lib/armv7e-m/fpu\libc_n.a(lib_a-init.o)
 .ARM.attributes
                0x0000060e       0x34 d:/emblocks/2.20/share/em_armgcc/bin/../lib/gcc/arm-none-eabi/4.7.3/../../../../arm-none-eabi/lib/armv7e-m/fpu\libc_n.a(lib_a-memset.o)
 .ARM.attributes
                0x00000642       0x34 d:/emblocks/2.20/share/em_armgcc/bin/../lib/gcc/arm-none-eabi/4.7.3/../../../../arm-none-eabi/lib/armv7e-m/fpu\libc_n.a(lib_a-sprintf.o)
 .ARM.attributes
                0x00000676       0x34 d:/emblocks/2.20/share/em_armgcc/bin/../lib/gcc/arm-none-eabi/4.7.3/../../../../arm-none-eabi/lib/armv7e-m/fpu\libc_n.a(lib_a-svfprintf.o)
 .ARM.attributes
                0x000006aa       0x34 d:/emblocks/2.20/share/em_armgcc/bin/../lib/gcc/arm-none-eabi/4.7.3/../../../../arm-none-eabi/lib/armv7e-m/fpu\libc_n.a(lib_a-vfprintf_i.o)
 .ARM.attributes
                0x000006de       0x34 d:/emblocks/2.20/share/em_armgcc/bin/../lib/gcc/arm-none-eabi/4.7.3/../../../../arm-none-eabi/lib/armv7e-m/fpu\libc_n.a(lib_a-freer.o)
 .ARM.attributes
                0x00000712       0x34 d:/emblocks/2.20/share/em_armgcc/bin/../lib/gcc/arm-none-eabi/4.7.3/../../../../arm-none-eabi/lib/armv7e-m/fpu\libc_n.a(lib_a-mallocr.o)
 .ARM.attributes
                0x00000746       0x34 d:/emblocks/2.20/share/em_armgcc/bin/../lib/gcc/arm-none-eabi/4.7.3/../../../../arm-none-eabi/lib/armv7e-m/fpu\libc_n.a(lib_a-memchr.o)
 .ARM.attributes
                0x0000077a       0x34 d:/emblocks/2.20/share/em_armgcc/bin/../lib/gcc/arm-none-eabi/4.7.3/../../../../arm-none-eabi/lib/armv7e-m/fpu\libc_n.a(lib_a-memcpy.o)
 .ARM.attributes
                0x000007ae       0x34 d:/emblocks/2.20/share/em_armgcc/bin/../lib/gcc/arm-none-eabi/4.7.3/../../../../arm-none-eabi/lib/armv7e-m/fpu\libc_n.a(lib_a-reallocr.o)
 .ARM.attributes
                0x000007e2       0x34 d:/emblocks/2.20/share/em_armgcc/bin/../lib/gcc/arm-none-eabi/4.7.3/../../../../arm-none-eabi/lib/armv7e-m/fpu\libc_n.a(lib_a-sbrkr.o)
 .ARM.attributes
                0x00000816       0x34 d:/emblocks/2.20/share/em_armgcc/bin/../lib/gcc/arm-none-eabi/4.7.3/../../../../arm-none-eabi/lib/armv7e-m/fpu\libc_n.a(lib_a-strlen.o)
 .ARM.attributes
                0x0000084a       0x34 d:/emblocks/2.20/share/em_armgcc/bin/../lib/gcc/arm-none-eabi/4.7.3/../../../../arm-none-eabi/lib/armv7e-m/fpu\libc_n.a(lib_a-msizer.o)
 .ARM.attributes
                0x0000087e       0x34 d:/emblocks/2.20/share/em_armgcc/bin/../lib/gcc/arm-none-eabi/4.7.3/../../../../arm-none-eabi/lib/armv7e-m/fpu\libc_n.a(lib_a-reent.o)
 .ARM.attributes
                0x000008b2       0x34 d:/emblocks/2.20/share/em_armgcc/bin/../lib/gcc/arm-none-eabi/4.7.3/../../../../arm-none-eabi/lib/armv7e-m/fpu\libnosys.a(sbrk.o)
 .ARM.attributes
                0x000008e6       0x34 d:/emblocks/2.20/share/em_armgcc/bin/../lib/gcc/arm-none-eabi/4.7.3/../../../../arm-none-eabi/lib/armv7e-m/fpu\libnosys.a(_exit.o)
 .ARM.attributes
                0x0000091a       0x34 d:/emblocks/2.20/share/em_armgcc/bin/../lib/gcc/arm-none-eabi/4.7.3/armv7e-m/fpu/crtend.o
 .ARM.attributes
                0x0000094e       0x22 d:/emblocks/2.20/share/em_armgcc/bin/../lib/gcc/arm-none-eabi/4.7.3/armv7e-m/fpu/crtn.o

.comment        0x00000000       0x4e
 .comment       0x00000000       0x4e obj\debug\spl\src\stm32f4xx_gpio.o
                                 0x4f (size before relaxing)
 .comment       0x00000000       0x4f obj\debug\spl\src\stm32f4xx_i2c.o
 .comment       0x00000000       0x4f obj\debug\spl\src\stm32f4xx_rcc.o
 .comment       0x00000000       0x4f obj\debug\spl\src\stm32f4xx_usart.o
 .comment       0x00000000       0x4f obj\debug\src\mpu6050.o
 .comment       0x00000000       0x4f obj\debug\src\main.o
 .comment       0x00000000       0x4f obj\debug\src\system_stm32f4xx.o

.debug_info     0x00000000     0x52a1
 .debug_info    0x00000000      0x648 obj\debug\spl\src\stm32f4xx_gpio.o
 .debug_info    0x00000648      0xbb3 obj\debug\spl\src\stm32f4xx_i2c.o
 .debug_info    0x000011fb      0xd51 obj\debug\spl\src\stm32f4xx_rcc.o
 .debug_info    0x00001f4c      0xa6d obj\debug\spl\src\stm32f4xx_usart.o
 .debug_info    0x000029b9      0xd62 obj\debug\src\mpu6050.o
 .debug_info    0x0000371b     0x14f4 obj\debug\src\main.o
 .debug_info    0x00004c0f       0x95 obj\debug\src\startup_stm32f4xx.o
 .debug_info    0x00004ca4      0x5fd obj\debug\src\system_stm32f4xx.o

.debug_abbrev   0x00000000      0xcc9
 .debug_abbrev  0x00000000      0x1aa obj\debug\spl\src\stm32f4xx_gpio.o
 .debug_abbrev  0x000001aa      0x16b obj\debug\spl\src\stm32f4xx_i2c.o
 .debug_abbrev  0x00000315      0x1ea obj\debug\spl\src\stm32f4xx_rcc.o
 .debug_abbrev  0x000004ff      0x15c obj\debug\spl\src\stm32f4xx_usart.o
 .debug_abbrev  0x0000065b      0x243 obj\debug\src\mpu6050.o
 .debug_abbrev  0x0000089e      0x2da obj\debug\src\main.o
 .debug_abbrev  0x00000b78       0x14 obj\debug\src\startup_stm32f4xx.o
 .debug_abbrev  0x00000b8c      0x13d obj\debug\src\system_stm32f4xx.o

.debug_loc      0x00000000     0x2396
 .debug_loc     0x00000000      0x310 obj\debug\spl\src\stm32f4xx_gpio.o
 .debug_loc     0x00000310      0x738 obj\debug\spl\src\stm32f4xx_i2c.o
 .debug_loc     0x00000a48      0x97c obj\debug\spl\src\stm32f4xx_rcc.o
 .debug_loc     0x000013c4      0x658 obj\debug\spl\src\stm32f4xx_usart.o
 .debug_loc     0x00001a1c      0x4b8 obj\debug\src\mpu6050.o
 .debug_loc     0x00001ed4      0x426 obj\debug\src\main.o
 .debug_loc     0x000022fa       0x9c obj\debug\src\system_stm32f4xx.o

.debug_aranges  0x00000000      0x5f0
 .debug_aranges
                0x00000000       0x88 obj\debug\spl\src\stm32f4xx_gpio.o
 .debug_aranges
                0x00000088      0x120 obj\debug\spl\src\stm32f4xx_i2c.o
 .debug_aranges
                0x000001a8      0x178 obj\debug\spl\src\stm32f4xx_rcc.o
 .debug_aranges
                0x00000320      0x100 obj\debug\spl\src\stm32f4xx_usart.o
 .debug_aranges
                0x00000420       0xc8 obj\debug\src\mpu6050.o
 .debug_aranges
                0x000004e8       0xb8 obj\debug\src\main.o
 .debug_aranges
                0x000005a0       0x20 obj\debug\src\startup_stm32f4xx.o
 .debug_aranges
                0x000005c0       0x30 obj\debug\src\system_stm32f4xx.o

.debug_ranges   0x00000000      0x560
 .debug_ranges  0x00000000       0x78 obj\debug\spl\src\stm32f4xx_gpio.o
 .debug_ranges  0x00000078      0x110 obj\debug\spl\src\stm32f4xx_i2c.o
 .debug_ranges  0x00000188      0x168 obj\debug\spl\src\stm32f4xx_rcc.o
 .debug_ranges  0x000002f0       0xf0 obj\debug\spl\src\stm32f4xx_usart.o
 .debug_ranges  0x000003e0       0xb8 obj\debug\src\mpu6050.o
 .debug_ranges  0x00000498       0xa8 obj\debug\src\main.o
 .debug_ranges  0x00000540       0x20 obj\debug\src\system_stm32f4xx.o

.debug_macro    0x00000000     0x2db7
 .debug_macro   0x00000000      0x1c1 obj\debug\spl\src\stm32f4xx_gpio.o
 .debug_macro   0x000001c1      0x25f obj\debug\spl\src\stm32f4xx_gpio.o
 .debug_macro   0x00000420      0x1d3 obj\debug\spl\src\stm32f4xx_i2c.o
 .debug_macro   0x000005f3      0x2ab obj\debug\spl\src\stm32f4xx_i2c.o
 .debug_macro   0x0000089e      0x269 obj\debug\spl\src\stm32f4xx_rcc.o
 .debug_macro   0x00000b07      0x532 obj\debug\spl\src\stm32f4xx_rcc.o
 .debug_macro   0x00001039      0x1d9 obj\debug\spl\src\stm32f4xx_usart.o
 .debug_macro   0x00001212      0x21a obj\debug\spl\src\stm32f4xx_usart.o
 .debug_macro   0x0000142c      0x278 obj\debug\src\mpu6050.o
 .debug_macro   0x000016a4       0x34 obj\debug\src\mpu6050.o
 .debug_macro   0x000016d8      0x845 obj\debug\src\mpu6050.o
 .debug_macro   0x00001f1d       0x16 obj\debug\src\mpu6050.o
 .debug_macro   0x00001f33       0x97 obj\debug\src\mpu6050.o
 .debug_macro   0x00001fca       0x10 obj\debug\src\mpu6050.o
 .debug_macro   0x00001fda       0x3a obj\debug\src\mpu6050.o
 .debug_macro   0x00002014       0x52 obj\debug\src\mpu6050.o
 .debug_macro   0x00002066       0x19 obj\debug\src\mpu6050.o
 .debug_macro   0x0000207f      0x16d obj\debug\src\mpu6050.o
 .debug_macro   0x000021ec       0x10 obj\debug\src\mpu6050.o
 .debug_macro   0x000021fc       0xf5 obj\debug\src\mpu6050.o
 .debug_macro   0x000022f1       0x22 obj\debug\src\mpu6050.o
 .debug_macro   0x00002313       0x97 obj\debug\src\mpu6050.o
 .debug_macro   0x000023aa       0x16 obj\debug\src\mpu6050.o
 .debug_macro   0x000023c0      0x16c obj\debug\src\mpu6050.o
 .debug_macro   0x0000252c      0x282 obj\debug\src\main.o
 .debug_macro   0x000027ae      0x1e1 obj\debug\src\main.o
 .debug_macro   0x0000298f      0x214 obj\debug\src\main.o
 .debug_macro   0x00002ba3       0x3a obj\debug\src\main.o
 .debug_macro   0x00002bdd      0x1da obj\debug\src\system_stm32f4xx.o

.debug_line     0x00000000     0x34af
 .debug_line    0x00000000      0x647 obj\debug\spl\src\stm32f4xx_gpio.o
 .debug_line    0x00000647      0x7d2 obj\debug\spl\src\stm32f4xx_i2c.o
 .debug_line    0x00000e19      0x8a4 obj\debug\spl\src\stm32f4xx_rcc.o
 .debug_line    0x000016bd      0x798 obj\debug\spl\src\stm32f4xx_usart.o
 .debug_line    0x00001e55      0x848 obj\debug\src\mpu6050.o
 .debug_line    0x0000269d      0x7d1 obj\debug\src\main.o
 .debug_line    0x00002e6e       0xcc obj\debug\src\startup_stm32f4xx.o
 .debug_line    0x00002f3a      0x575 obj\debug\src\system_stm32f4xx.o

.debug_str      0x00000000    0x5d7c4
 .debug_str     0x00000000    0x563b4 obj\debug\spl\src\stm32f4xx_gpio.o
                              0x5651d (size before relaxing)
 .debug_str     0x000563b4      0x4e6 obj\debug\spl\src\stm32f4xx_i2c.o
                              0x56743 (size before relaxing)
 .debug_str     0x0005689a      0xa6c obj\debug\spl\src\stm32f4xx_rcc.o
                              0x56d9e (size before relaxing)
 .debug_str     0x00057306      0x52a obj\debug\spl\src\stm32f4xx_usart.o
                              0x5682d (size before relaxing)
 .debug_str     0x00057830     0x4fcd obj\debug\src\mpu6050.o
                              0x5b508 (size before relaxing)
 .debug_str     0x0005c7fd      0xf0b obj\debug\src\main.o
                              0x5c27e (size before relaxing)
 .debug_str     0x0005d708       0xbc obj\debug\src\system_stm32f4xx.o
                              0x5645d (size before relaxing)

.debug_frame    0x00000000     0x1888
 .debug_frame   0x00000000      0x19c obj\debug\spl\src\stm32f4xx_gpio.o
 .debug_frame   0x0000019c      0x3b4 obj\debug\spl\src\stm32f4xx_i2c.o
 .debug_frame   0x00000550      0x4d8 obj\debug\spl\src\stm32f4xx_rcc.o
 .debug_frame   0x00000a28      0x344 obj\debug\spl\src\stm32f4xx_usart.o
 .debug_frame   0x00000d6c      0x2c0 obj\debug\src\mpu6050.o
 .debug_frame   0x0000102c      0x26c obj\debug\src\main.o
 .debug_frame   0x00001298       0x64 obj\debug\src\system_stm32f4xx.o
 .debug_frame   0x000012fc       0x38 d:/emblocks/2.20/share/em_armgcc/bin/../lib/gcc/arm-none-eabi/4.7.3/../../../../arm-none-eabi/lib/armv7e-m/fpu\libm.a(lib_a-s_atan.o)
 .debug_frame   0x00001334       0x20 d:/emblocks/2.20/share/em_armgcc/bin/../lib/gcc/arm-none-eabi/4.7.3/../../../../arm-none-eabi/lib/armv7e-m/fpu\libm.a(lib_a-s_fabs.o)
 .debug_frame   0x00001354       0x28 d:/emblocks/2.20/share/em_armgcc/bin/../lib/gcc/arm-none-eabi/4.7.3/../../../../arm-none-eabi/lib/armv7e-m/fpu\libm.a(lib_a-s_round.o)
 .debug_frame   0x0000137c       0x20 d:/emblocks/2.20/share/em_armgcc/bin/../lib/gcc/arm-none-eabi/4.7.3/../../../../arm-none-eabi/lib/armv7e-m/fpu\libm.a(lib_a-w_atan2.o)
 .debug_frame   0x0000139c       0x34 d:/emblocks/2.20/share/em_armgcc/bin/../lib/gcc/arm-none-eabi/4.7.3/../../../../arm-none-eabi/lib/armv7e-m/fpu\libm.a(lib_a-w_sqrt.o)
 .debug_frame   0x000013d0       0x30 d:/emblocks/2.20/share/em_armgcc/bin/../lib/gcc/arm-none-eabi/4.7.3/../../../../arm-none-eabi/lib/armv7e-m/fpu\libm.a(lib_a-e_atan2.o)
 .debug_frame   0x00001400       0x3c d:/emblocks/2.20/share/em_armgcc/bin/../lib/gcc/arm-none-eabi/4.7.3/../../../../arm-none-eabi/lib/armv7e-m/fpu\libm.a(lib_a-e_sqrt.o)
 .debug_frame   0x0000143c       0x20 d:/emblocks/2.20/share/em_armgcc/bin/../lib/gcc/arm-none-eabi/4.7.3/../../../../arm-none-eabi/lib/armv7e-m/fpu\libm.a(lib_a-s_fpclassify.o)
 .debug_frame   0x0000145c       0x20 d:/emblocks/2.20/share/em_armgcc/bin/../lib/gcc/arm-none-eabi/4.7.3/../../../../arm-none-eabi/lib/armv7e-m/fpu\libm.a(lib_a-s_matherr.o)
 .debug_frame   0x0000147c       0x28 d:/emblocks/2.20/share/em_armgcc/bin/../lib/gcc/arm-none-eabi/4.7.3/../../../../arm-none-eabi/lib/armv7e-m/fpu\libc_n.a(lib_a-__atexit2.o)
 .debug_frame   0x000014a4       0x20 d:/emblocks/2.20/share/em_armgcc/bin/../lib/gcc/arm-none-eabi/4.7.3/../../../../arm-none-eabi/lib/armv7e-m/fpu\libc_n.a(lib_a-errno.o)
 .debug_frame   0x000014c4       0x28 d:/emblocks/2.20/share/em_armgcc/bin/../lib/gcc/arm-none-eabi/4.7.3/../../../../arm-none-eabi/lib/armv7e-m/fpu\libc_n.a(lib_a-exit.o)
 .debug_frame   0x000014ec       0x2c d:/emblocks/2.20/share/em_armgcc/bin/../lib/gcc/arm-none-eabi/4.7.3/../../../../arm-none-eabi/lib/armv7e-m/fpu\libc_n.a(lib_a-fini.o)
 .debug_frame   0x00001518       0x2c d:/emblocks/2.20/share/em_armgcc/bin/../lib/gcc/arm-none-eabi/4.7.3/../../../../arm-none-eabi/lib/armv7e-m/fpu\libc_n.a(lib_a-init.o)
 .debug_frame   0x00001544       0x20 d:/emblocks/2.20/share/em_armgcc/bin/../lib/gcc/arm-none-eabi/4.7.3/../../../../arm-none-eabi/lib/armv7e-m/fpu\libc_n.a(lib_a-memset.o)
 .debug_frame   0x00001564       0x58 d:/emblocks/2.20/share/em_armgcc/bin/../lib/gcc/arm-none-eabi/4.7.3/../../../../arm-none-eabi/lib/armv7e-m/fpu\libc_n.a(lib_a-sprintf.o)
 .debug_frame   0x000015bc       0x8c d:/emblocks/2.20/share/em_armgcc/bin/../lib/gcc/arm-none-eabi/4.7.3/../../../../arm-none-eabi/lib/armv7e-m/fpu\libc_n.a(lib_a-svfprintf.o)
 .debug_frame   0x00001648       0x58 d:/emblocks/2.20/share/em_armgcc/bin/../lib/gcc/arm-none-eabi/4.7.3/../../../../arm-none-eabi/lib/armv7e-m/fpu\libc_n.a(lib_a-vfprintf_i.o)
 .debug_frame   0x000016a0       0x2c d:/emblocks/2.20/share/em_armgcc/bin/../lib/gcc/arm-none-eabi/4.7.3/../../../../arm-none-eabi/lib/armv7e-m/fpu\libc_n.a(lib_a-freer.o)
 .debug_frame   0x000016cc       0x2c d:/emblocks/2.20/share/em_armgcc/bin/../lib/gcc/arm-none-eabi/4.7.3/../../../../arm-none-eabi/lib/armv7e-m/fpu\libc_n.a(lib_a-mallocr.o)
 .debug_frame   0x000016f8       0x28 d:/emblocks/2.20/share/em_armgcc/bin/../lib/gcc/arm-none-eabi/4.7.3/../../../../arm-none-eabi/lib/armv7e-m/fpu\libc_n.a(lib_a-memchr.o)
 .debug_frame   0x00001720       0x28 d:/emblocks/2.20/share/em_armgcc/bin/../lib/gcc/arm-none-eabi/4.7.3/../../../../arm-none-eabi/lib/armv7e-m/fpu\libc_n.a(lib_a-memcpy.o)
 .debug_frame   0x00001748       0x30 d:/emblocks/2.20/share/em_armgcc/bin/../lib/gcc/arm-none-eabi/4.7.3/../../../../arm-none-eabi/lib/armv7e-m/fpu\libc_n.a(lib_a-reallocr.o)
 .debug_frame   0x00001778       0x2c d:/emblocks/2.20/share/em_armgcc/bin/../lib/gcc/arm-none-eabi/4.7.3/../../../../arm-none-eabi/lib/armv7e-m/fpu\libc_n.a(lib_a-sbrkr.o)
 .debug_frame   0x000017a4       0x20 d:/emblocks/2.20/share/em_armgcc/bin/../lib/gcc/arm-none-eabi/4.7.3/../../../../arm-none-eabi/lib/armv7e-m/fpu\libc_n.a(lib_a-strlen.o)
 .debug_frame   0x000017c4       0x20 d:/emblocks/2.20/share/em_armgcc/bin/../lib/gcc/arm-none-eabi/4.7.3/../../../../arm-none-eabi/lib/armv7e-m/fpu\libc_n.a(lib_a-msizer.o)
 .debug_frame   0x000017e4       0x64 d:/emblocks/2.20/share/em_armgcc/bin/../lib/gcc/arm-none-eabi/4.7.3/../../../../arm-none-eabi/lib/armv7e-m/fpu\libc_n.a(lib_a-reent.o)
 .debug_frame   0x00001848       0x20 d:/emblocks/2.20/share/em_armgcc/bin/../lib/gcc/arm-none-eabi/4.7.3/../../../../arm-none-eabi/lib/armv7e-m/fpu\libnosys.a(sbrk.o)
 .debug_frame   0x00001868       0x20 d:/emblocks/2.20/share/em_armgcc/bin/../lib/gcc/arm-none-eabi/4.7.3/../../../../arm-none-eabi/lib/armv7e-m/fpu\libnosys.a(_exit.o)
